Archive member included to satisfy reference by file (symbol)

c:/progra~1/raspbe~1/picosd~1.1/gcc-ar~1/bin/../lib/gcc/arm-none-eabi/10.3.1/thumb/v6-m/nofp\libgcc.a(_dvmd_tls.o)
                              CMakeFiles/TITOProyect.dir/C_/Program_Files/Raspberry_Pi/Pico_SDK_v1.5.1/pico-sdk/src/rp2_common/pico_divider/divider.S.obj (__aeabi_idiv0)
c:/progra~1/raspbe~1/picosd~1.1/gcc-ar~1/bin/../lib/gcc/arm-none-eabi/10.3.1/../../../../arm-none-eabi/lib/thumb/v6-m/nofp\libg.a(lib_a-atoi.o)
                              CMakeFiles/TITOProyect.dir/C_/Program_Files/Raspberry_Pi/Pico_SDK_v1.5.1/pico-sdk/lib/lwip/src/core/netif.c.obj (atoi)
c:/progra~1/raspbe~1/picosd~1.1/gcc-ar~1/bin/../lib/gcc/arm-none-eabi/10.3.1/../../../../arm-none-eabi/lib/thumb/v6-m/nofp\libg.a(lib_a-calloc.o)
                              CMakeFiles/TITOProyect.dir/C_/Program_Files/Raspberry_Pi/Pico_SDK_v1.5.1/pico-sdk/src/rp2_common/pico_malloc/pico_malloc.c.obj (calloc)
c:/progra~1/raspbe~1/picosd~1.1/gcc-ar~1/bin/../lib/gcc/arm-none-eabi/10.3.1/../../../../arm-none-eabi/lib/thumb/v6-m/nofp\libg.a(lib_a-callocr.o)
                              c:/progra~1/raspbe~1/picosd~1.1/gcc-ar~1/bin/../lib/gcc/arm-none-eabi/10.3.1/../../../../arm-none-eabi/lib/thumb/v6-m/nofp\libg.a(lib_a-calloc.o) (_calloc_r)
c:/progra~1/raspbe~1/picosd~1.1/gcc-ar~1/bin/../lib/gcc/arm-none-eabi/10.3.1/../../../../arm-none-eabi/lib/thumb/v6-m/nofp\libg.a(lib_a-ctype_.o)
                              CMakeFiles/TITOProyect.dir/C_/Program_Files/Raspberry_Pi/Pico_SDK_v1.5.1/pico-sdk/lib/lwip/src/core/dns.c.obj (_ctype_)
c:/progra~1/raspbe~1/picosd~1.1/gcc-ar~1/bin/../lib/gcc/arm-none-eabi/10.3.1/../../../../arm-none-eabi/lib/thumb/v6-m/nofp\libg.a(lib_a-errno.o)
                              CMakeFiles/TITOProyect.dir/FatFs_SPI/src/ff_stdio.c.obj (__errno)
c:/progra~1/raspbe~1/picosd~1.1/gcc-ar~1/bin/../lib/gcc/arm-none-eabi/10.3.1/../../../../arm-none-eabi/lib/thumb/v6-m/nofp\libg.a(lib_a-fflush.o)
                              CMakeFiles/TITOProyect.dir/FatFs_SPI/sd_driver/demo_logging.c.obj (fflush)
c:/progra~1/raspbe~1/picosd~1.1/gcc-ar~1/bin/../lib/gcc/arm-none-eabi/10.3.1/../../../../arm-none-eabi/lib/thumb/v6-m/nofp\libg.a(lib_a-findfp.o)
                              c:/progra~1/raspbe~1/picosd~1.1/gcc-ar~1/bin/../lib/gcc/arm-none-eabi/10.3.1/../../../../arm-none-eabi/lib/thumb/v6-m/nofp\libg.a(lib_a-fflush.o) (__sinit)
c:/progra~1/raspbe~1/picosd~1.1/gcc-ar~1/bin/../lib/gcc/arm-none-eabi/10.3.1/../../../../arm-none-eabi/lib/thumb/v6-m/nofp\libg.a(lib_a-fputc.o)
                              CMakeFiles/TITOProyect.dir/kiss_FFT/kiss_fft.c.obj (fputc)
c:/progra~1/raspbe~1/picosd~1.1/gcc-ar~1/bin/../lib/gcc/arm-none-eabi/10.3.1/../../../../arm-none-eabi/lib/thumb/v6-m/nofp\libg.a(lib_a-freer.o)
                              c:/progra~1/raspbe~1/picosd~1.1/gcc-ar~1/bin/../lib/gcc/arm-none-eabi/10.3.1/../../../../arm-none-eabi/lib/thumb/v6-m/nofp\libg.a(lib_a-fflush.o) (_free_r)
c:/progra~1/raspbe~1/picosd~1.1/gcc-ar~1/bin/../lib/gcc/arm-none-eabi/10.3.1/../../../../arm-none-eabi/lib/thumb/v6-m/nofp\libg.a(lib_a-fwalk.o)
                              c:/progra~1/raspbe~1/picosd~1.1/gcc-ar~1/bin/../lib/gcc/arm-none-eabi/10.3.1/../../../../arm-none-eabi/lib/thumb/v6-m/nofp\libg.a(lib_a-findfp.o) (_fwalk)
c:/progra~1/raspbe~1/picosd~1.1/gcc-ar~1/bin/../lib/gcc/arm-none-eabi/10.3.1/../../../../arm-none-eabi/lib/thumb/v6-m/nofp\libg.a(lib_a-fwrite.o)
                              CMakeFiles/TITOProyect.dir/kiss_FFT/kiss_fft.c.obj (fwrite)
c:/progra~1/raspbe~1/picosd~1.1/gcc-ar~1/bin/../lib/gcc/arm-none-eabi/10.3.1/../../../../arm-none-eabi/lib/thumb/v6-m/nofp\libg.a(lib_a-impure.o)
                              c:/progra~1/raspbe~1/picosd~1.1/gcc-ar~1/bin/../lib/gcc/arm-none-eabi/10.3.1/../../../../arm-none-eabi/lib/thumb/v6-m/nofp\libg.a(lib_a-fflush.o) (_global_impure_ptr)
c:/progra~1/raspbe~1/picosd~1.1/gcc-ar~1/bin/../lib/gcc/arm-none-eabi/10.3.1/../../../../arm-none-eabi/lib/thumb/v6-m/nofp\libg.a(lib_a-init.o)
                              c:/progra~1/raspbe~1/picosd~1.1/gcc-ar~1/bin/../lib/gcc/arm-none-eabi/10.3.1/../../../../arm-none-eabi/lib/thumb/v6-m/nofp/crt0.o (__libc_init_array)
c:/progra~1/raspbe~1/picosd~1.1/gcc-ar~1/bin/../lib/gcc/arm-none-eabi/10.3.1/../../../../arm-none-eabi/lib/thumb/v6-m/nofp\libg.a(lib_a-lock.o)
                              c:/progra~1/raspbe~1/picosd~1.1/gcc-ar~1/bin/../lib/gcc/arm-none-eabi/10.3.1/../../../../arm-none-eabi/lib/thumb/v6-m/nofp\libg.a(lib_a-findfp.o) (__retarget_lock_init_recursive)
c:/progra~1/raspbe~1/picosd~1.1/gcc-ar~1/bin/../lib/gcc/arm-none-eabi/10.3.1/../../../../arm-none-eabi/lib/thumb/v6-m/nofp\libg.a(lib_a-malloc.o)
                              CMakeFiles/TITOProyect.dir/C_/Program_Files/Raspberry_Pi/Pico_SDK_v1.5.1/pico-sdk/src/rp2_common/pico_malloc/pico_malloc.c.obj (malloc)
[...]
Memory Configuration

Name             Origin             Length             Attributes
FLASH            0x10000000         0x00200000         xr
RAM              0x20000000         0x00040000         xrw
SCRATCH_X        0x20040000         0x00001000         xrw
SCRATCH_Y        0x20041000         0x00001000         xrw
*default*        0x00000000         0xffffffff

Linker script and memory map

LOAD c:/progra~1/raspbe~1/picosd~1.1/gcc-ar~1/bin/../lib/gcc/arm-none-eabi/10.3.1/thumb/v6-m/nofp/crti.o
LOAD c:/progra~1/raspbe~1/picosd~1.1/gcc-ar~1/bin/../lib/gcc/arm-none-eabi/10.3.1/thumb/v6-m/nofp/crtbegin.o
LOAD c:/progra~1/raspbe~1/picosd~1.1/gcc-ar~1/bin/../lib/gcc/arm-none-eabi/10.3.1/../../../../arm-none-eabi/lib/thumb/v6-m/nofp/crt0.o

.flash_begin    0x10000000        0x0
                0x10000000                __flash_binary_start = .

.boot2          0x10000000      0x100
                0x10000000                __boot2_start__ = .
 *(.boot2)
 .boot2         0x10000000      0x100 C:\Users\Usuario\AppData\Local\Temp\ccow4zr2.o
                0x10000100                __boot2_end__ = .
                0x00000001                ASSERT (((__boot2_end__ - __boot2_start__) == 0x100), ERROR: Pico second stage bootloader must be 256 bytes in size)

.text           0x10000100     0x9650
                0x10000100                __logical_binary_start = .
 *(.vectors)
 .vectors       0x10000100       0xd4 CMakeFiles/TITOProyect.dir/C_/Program_Files/Raspberry_Pi/Pico_SDK_v1.5.1/pico-sdk/src/rp2_common/pico_standard_link/crt0.S.obj
                0x10000100                __vectors
                0x10000100                __VECTOR_TABLE
                0x100001c0                isr_invalid
                0x100001c0                __default_isrs_start
                0x100001c2                NMI_Handler
                0x100001c4                HardFault_Handler
                0x100001c6                SVC_Handler
                0x100001c8                PendSV_Handler
                0x100001ca                SysTick_Handler
                0x100001cc                IO_IRQ_BANK0_Handler
                0x100001cc                PIO0_IRQ_0_Handler
                0x100001cc                USBCTRL_IRQ_Handler
                0x100001cc                SPI1_IRQ_Handler
                0x100001cc                isr_irq27
                0x100001cc                isr_irq31
                0x100001cc                PIO1_IRQ_1_Handler
                0x100001cc                DMA_IRQ_1_Handler
                0x100001cc                __unhandled_user_irq
                0x100001cc                SPI0_IRQ_Handler
                0x100001cc                isr_irq28
                0x100001cc                UART0_IRQ_Handler
                0x100001cc                __default_isrs_end
                0x100001cc                PIO0_IRQ_1_Handler
                0x100001cc                I2C0_IRQ_Handler
                0x100001cc                SIO_IRQ_PROC1_Handler
                0x100001cc                TIMER_IRQ_0_Handler
                0x100001cc                isr_irq30
                0x100001cc                UART1_IRQ_Handler
                0x100001cc                TIMER_IRQ_3_Handler
                0x100001cc                DMA_IRQ_0_Handler
                0x100001cc                RTC_IRQ_Handler
                0x100001cc                TIMER_IRQ_2_Handler
                0x100001cc                CLOCKS_IRQ_Handler
                0x100001cc                PIO1_IRQ_0_Handler
                0x100001cc                I2C1_IRQ_Handler
                0x100001cc                ADC_IRQ_FIFO_Handler
                0x100001cc                IO_IRQ_QSPI_Handler
                0x100001cc                SIO_IRQ_PROC0_Handler
                0x100001cc                TIMER_IRQ_1_Handler
                0x100001cc                XIP_IRQ_Handler
                0x100001cc                isr_irq29
                0x100001cc                isr_irq26
                0x100001cc                PWM_IRQ_WRAP_Handler
                0x100001d2                unhandled_user_irq_num_in_r0
 *(.binary_info_header)
 .binary_info_header
                0x100001d4       0x14 CMakeFiles/TITOProyect.dir/C_/Program_Files/Raspberry_Pi/Pico_SDK_v1.5.1/pico-sdk/src/rp2_common/pico_standard_link/crt0.S.obj
                0x100001e8                __binary_info_header_end = .
 *(.reset)
 .reset         0x100001e8       0xa0 CMakeFiles/TITOProyect.dir/C_/Program_Files/Raspberry_Pi/Pico_SDK_v1.5.1/pico-sdk/src/rp2_common/pico_standard_link/crt0.S.obj
                0x100001e8                _entry_point
 .reset         0x10000288       0x30 CMakeFiles/TITOProyect.dir/C_/Program_Files/Raspberry_Pi/Pico_SDK_v1.5.1/pico-sdk/src/rp2_common/pico_standard_link/binary_info.c.obj
 *(.init)
 .init          0x100002b8        0x4 c:/progra~1/raspbe~1/picosd~1.1/gcc-ar~1/bin/../lib/gcc/arm-none-eabi/10.3.1/thumb/v6-m/nofp/crti.o
                0x100002b8                _init
 *(EXCLUDE_FILE(*libm.a: *libc.a:*lib_a-mem*.o *libgcc.a:) .text*)
 .text          0x100002bc       0x48 c:/progra~1/raspbe~1/picosd~1.1/gcc-ar~1/bin/../lib/gcc/arm-none-eabi/10.3.1/thumb/v6-m/nofp/crtbegin.o
 .text.main     0x10000304       0x70 CMakeFiles/TITOProyect.dir/main.c.obj
                0x10000304                main
 .text.fileNames
                0x10000374       0xac CMakeFiles/TITOProyect.dir/FileSystem.c.obj
                0x10000374                fileNames
 .text.i2c_write_byte
                0x10000420       0x20 CMakeFiles/TITOProyect.dir/LCD.c.obj
                0x10000420                i2c_write_byte
 .text.lcd_toggle_enable
                0x10000440       0x1a CMakeFiles/TITOProyect.dir/LCD.c.obj
                0x10000440                lcd_toggle_enable
 .text.lcd_send_byte
                0x1000045a       0x52 CMakeFiles/TITOProyect.dir/LCD.c.obj
                0x1000045a                lcd_send_byte
 .text.lcd_clear
                0x100004ac        0xe CMakeFiles/TITOProyect.dir/LCD.c.obj
                0x100004ac                lcd_clear
 *fill*         0x100004ba        0x2 
 .text.lcd_setCursor
                0x100004bc       0x24 CMakeFiles/TITOProyect.dir/LCD.c.obj
                0x100004bc                lcd_setCursor
 .text.lcd_write
                0x100004e0        0xc CMakeFiles/TITOProyect.dir/LCD.c.obj
                0x100004e0                lcd_write
 .text.lcd_print
                0x100004ec       0x14 CMakeFiles/TITOProyect.dir/LCD.c.obj
                0x100004ec                lcd_print
 .text.lcd_init
                0x10000500       0x88 CMakeFiles/TITOProyect.dir/LCD.c.obj
                0x10000500                lcd_init
 .text.nameFileSize
                0x10000588       0x10 CMakeFiles/TITOProyect.dir/LCD.c.obj
                0x10000588                nameFileSize
 .text.showFileNames
                0x10000598       0x72 CMakeFiles/TITOProyect.dir/LCD.c.obj
                0x10000598                showFileNames
 *fill*         0x1000060a        0x2 
 .text.running_on_fpga
                0x1000060c       0x14 CMakeFiles/TITOProyect.dir/C_/Program_Files/Raspberry_Pi/Pico_SDK_v1.5.1/pico-sdk/src/rp2_common/pico_platform/platform.c.obj
                0x1000060c                running_on_fpga
 .text._retrieve_unique_id_on_boot
                0x10000620       0x10 CMakeFiles/TITOProyect.dir/C_/Program_Files/Raspberry_Pi/Pico_SDK_v1.5.1/pico-sdk/src/rp2_common/pico_unique_id/unique_id.c.obj
 .text.flash_get_unique_id
                0x10000630       0x46 CMakeFiles/TITOProyect.dir/C_/Program_Files/Raspberry_Pi/Pico_SDK_v1.5.1/pico-sdk/src/rp2_common/hardware_flash/flash.c.obj
                0x10000630                flash_get_unique_id
 *fill*         0x10000676        0x2 
 .text.hw_claim_lock
                0x10000678       0x18 CMakeFiles/TITOProyect.dir/C_/Program_Files/Raspberry_Pi/Pico_SDK_v1.5.1/pico-sdk/src/rp2_common/hardware_claim/claim.c.obj
                0x10000678                hw_claim_lock
 .text.hw_claim_unlock
                0x10000690       0x14 CMakeFiles/TITOProyect.dir/C_/Program_Files/Raspberry_Pi/Pico_SDK_v1.5.1/pico-sdk/src/rp2_common/hardware_claim/claim.c.obj
                0x10000690                hw_claim_unlock
 .text.hw_claim_or_assert
                0x100006a4       0x32 CMakeFiles/TITOProyect.dir/C_/Program_Files/Raspberry_Pi/Pico_SDK_v1.5.1/pico-sdk/src/rp2_common/hardware_claim/claim.c.obj
                0x100006a4                hw_claim_or_assert
 .text.hw_claim_unused_from_range
                0x100006d6       0x50 CMakeFiles/TITOProyect.dir/C_/Program_Files/Raspberry_Pi/Pico_SDK_v1.5.1/pico-sdk/src/rp2_common/hardware_claim/claim.c.obj
                0x100006d6                hw_claim_unused_from_range
 *fill*         0x10000726        0x2 
 .text.spin_locks_reset
                0x10000728       0x20 CMakeFiles/TITOProyect.dir/C_/Program_Files/Raspberry_Pi/Pico_SDK_v1.5.1/pico-sdk/src/rp2_common/hardware_sync/sync.c.obj
                0x10000728                spin_locks_reset
 .text.next_striped_spin_lock_num
                0x10000748       0x1c CMakeFiles/TITOProyect.dir/C_/Program_Files/Raspberry_Pi/Pico_SDK_v1.5.1/pico-sdk/src/rp2_common/hardware_sync/sync.c.obj
                0x10000748                next_striped_spin_lock_num
 .text.rom_func_lookup
                0x10000764       0x10 CMakeFiles/TITOProyect.dir/C_/Program_Files/Raspberry_Pi/Pico_SDK_v1.5.1/pico-sdk/src/rp2_common/pico_bootrom/bootrom.c.obj
                0x10000764                rom_func_lookup
 .text.rom_data_lookup
                0x10000774       0x10 CMakeFiles/TITOProyect.dir/C_/Program_Files/Raspberry_Pi/Pico_SDK_v1.5.1/pico-sdk/src/rp2_common/pico_bootrom/bootrom.c.obj
                0x10000774                rom_data_lookup
 .text.rom_funcs_lookup
                0x10000784       0x36 CMakeFiles/TITOProyect.dir/C_/Program_Files/Raspberry_Pi/Pico_SDK_v1.5.1/pico-sdk/src/rp2_common/pico_bootrom/bootrom.c.obj
                0x10000784                rom_funcs_lookup
 *fill*         0x100007ba        0x2 
 .text.clock_configure
                0x100007bc      0x108 CMakeFiles/TITOProyect.dir/C_/Program_Files/Raspberry_Pi/Pico_SDK_v1.5.1/pico-sdk/src/rp2_common/hardware_clocks/clocks.c.obj
                0x100007bc                clock_configure
 .text.clocks_init
                0x100008c4      0x100 CMakeFiles/TITOProyect.dir/C_/Program_Files/Raspberry_Pi/Pico_SDK_v1.5.1/pico-sdk/src/rp2_common/hardware_clocks/clocks.c.obj
                0x100008c4                clocks_init
 .text.clock_get_hz
                0x100009c4        0xc CMakeFiles/TITOProyect.dir/C_/Program_Files/Raspberry_Pi/Pico_SDK_v1.5.1/pico-sdk/src/rp2_common/hardware_clocks/clocks.c.obj
                0x100009c4                clock_get_hz
 .text.gpio_set_function
                0x100009d0       0x30 CMakeFiles/TITOProyect.dir/C_/Program_Files/Raspberry_Pi/Pico_SDK_v1.5.1/pico-sdk/src/rp2_common/hardware_gpio/gpio.c.obj
                0x100009d0                gpio_set_function
 .text.gpio_set_pulls
                0x10000a00       0x34 CMakeFiles/TITOProyect.dir/C_/Program_Files/Raspberry_Pi/Pico_SDK_v1.5.1/pico-sdk/src/rp2_common/hardware_gpio/gpio.c.obj
                0x10000a00                gpio_set_pulls
 .text.gpio_set_drive_strength
                0x10000a34       0x20 CMakeFiles/TITOProyect.dir/C_/Program_Files/Raspberry_Pi/Pico_SDK_v1.5.1/pico-sdk/src/rp2_common/hardware_gpio/gpio.c.obj
                0x10000a34                gpio_set_drive_strength
 .text.gpio_init
                0x10000a54       0x16 CMakeFiles/TITOProyect.dir/C_/Program_Files/Raspberry_Pi/Pico_SDK_v1.5.1/pico-sdk/src/rp2_common/hardware_gpio/gpio.c.obj
                0x10000a54                gpio_init
 *fill*         0x10000a6a        0x2 
 .text.set_raw_irq_handler_and_unlock
                0x10000a6c       0x28 CMakeFiles/TITOProyect.dir/C_/Program_Files/Raspberry_Pi/Pico_SDK_v1.5.1/pico-sdk/src/rp2_common/hardware_irq/irq.c.obj
 .text.make_branch
                0x10000a94       0x48 CMakeFiles/TITOProyect.dir/C_/Program_Files/Raspberry_Pi/Pico_SDK_v1.5.1/pico-sdk/src/rp2_common/hardware_irq/irq.c.obj
 .text.insert_branch_and_link
                0x10000adc       0x40 CMakeFiles/TITOProyect.dir/C_/Program_Files/Raspberry_Pi/Pico_SDK_v1.5.1/pico-sdk/src/rp2_common/hardware_irq/irq.c.obj
 .text.irq_is_enabled
                0x10000b1c       0x18 CMakeFiles/TITOProyect.dir/C_/Program_Files/Raspberry_Pi/Pico_SDK_v1.5.1/pico-sdk/src/rp2_common/hardware_irq/irq.c.obj
                0x10000b1c                irq_is_enabled
 .text.irq_set_mask_enabled
                0x10000b34       0x20 CMakeFiles/TITOProyect.dir/C_/Program_Files/Raspberry_Pi/Pico_SDK_v1.5.1/pico-sdk/src/rp2_common/hardware_irq/irq.c.obj
                0x10000b34                irq_set_mask_enabled
 .text.irq_set_enabled
                0x10000b54        0xe CMakeFiles/TITOProyect.dir/C_/Program_Files/Raspberry_Pi/Pico_SDK_v1.5.1/pico-sdk/src/rp2_common/hardware_irq/irq.c.obj
                0x10000b54                irq_set_enabled
 *fill*         0x10000b62        0x2 
 .text.irq_get_vtable_handler
                0x10000b64       0x10 CMakeFiles/TITOProyect.dir/C_/Program_Files/Raspberry_Pi/Pico_SDK_v1.5.1/pico-sdk/src/rp2_common/hardware_irq/irq.c.obj
                0x10000b64                irq_get_vtable_handler
 .text.irq_set_exclusive_handler
                0x10000b74       0x54 CMakeFiles/TITOProyect.dir/C_/Program_Files/Raspberry_Pi/Pico_SDK_v1.5.1/pico-sdk/src/rp2_common/hardware_irq/irq.c.obj
                0x10000b74                irq_set_exclusive_handler
 .text.irq_add_shared_handler
                0x10000bc8      0x234 CMakeFiles/TITOProyect.dir/C_/Program_Files/Raspberry_Pi/Pico_SDK_v1.5.1/pico-sdk/src/rp2_common/hardware_irq/irq.c.obj
                0x10000bc8                irq_add_shared_handler
 .text.irq_remove_handler
                0x10000dfc      0x1ac CMakeFiles/TITOProyect.dir/C_/Program_Files/Raspberry_Pi/Pico_SDK_v1.5.1/pico-sdk/src/rp2_common/hardware_irq/irq.c.obj
                0x10000dfc                irq_remove_handler
 .text.irq_add_tail_to_free_list
                0x10000fa8       0xf0 CMakeFiles/TITOProyect.dir/C_/Program_Files/Raspberry_Pi/Pico_SDK_v1.5.1/pico-sdk/src/rp2_common/hardware_irq/irq.c.obj
                0x10000fa8                irq_add_tail_to_free_list
 .text.irq_init_priorities
                0x10001098       0x1c CMakeFiles/TITOProyect.dir/C_/Program_Files/Raspberry_Pi/Pico_SDK_v1.5.1/pico-sdk/src/rp2_common/hardware_irq/irq.c.obj
                0x10001098                irq_init_priorities
 .text.sem_init
                0x100010b4       0x1e CMakeFiles/TITOProyect.dir/C_/Program_Files/Raspberry_Pi/Pico_SDK_v1.5.1/pico-sdk/src/common/pico_sync/sem.c.obj
                0x100010b4                sem_init
 *fill*         0x100010d2        0x2 
 .text.lock_init
                0x100010d4       0x10 CMakeFiles/TITOProyect.dir/C_/Program_Files/Raspberry_Pi/Pico_SDK_v1.5.1/pico-sdk/src/common/pico_sync/lock_core.c.obj
                0x100010d4                lock_init
 .text.mutex_init
                0x100010e4       0x1a CMakeFiles/TITOProyect.dir/C_/Program_Files/Raspberry_Pi/Pico_SDK_v1.5.1/pico-sdk/src/common/pico_sync/mutex.c.obj
                0x100010e4                mutex_init
 .text.recursive_mutex_init
                0x100010fe       0x1e CMakeFiles/TITOProyect.dir/C_/Program_Files/Raspberry_Pi/Pico_SDK_v1.5.1/pico-sdk/src/common/pico_sync/mutex.c.obj
                0x100010fe                recursive_mutex_init
 .text.alarm_pool_post_alloc_init
                0x1000111c       0x40 CMakeFiles/TITOProyect.dir/C_/Program_Files/Raspberry_Pi/Pico_SDK_v1.5.1/pico-sdk/src/common/pico_time/time.c.obj
 .text.sleep_until_callback
                0x1000115c       0x30 CMakeFiles/TITOProyect.dir/C_/Program_Files/Raspberry_Pi/Pico_SDK_v1.5.1/pico-sdk/src/common/pico_time/time.c.obj
 .text.timer_pool_entry_comparator
                0x1000118c       0x7c CMakeFiles/TITOProyect.dir/C_/Program_Files/Raspberry_Pi/Pico_SDK_v1.5.1/pico-sdk/src/common/pico_time/time.c.obj
                0x1000118c                timer_pool_entry_comparator
 .text.ph_add_child_node
                0x10001208       0xa4 CMakeFiles/TITOProyect.dir/C_/Program_Files/Raspberry_Pi/Pico_SDK_v1.5.1/pico-sdk/src/common/pico_time/time.c.obj
 .text.ph_merge_nodes
                0x100012ac       0x3e CMakeFiles/TITOProyect.dir/C_/Program_Files/Raspberry_Pi/Pico_SDK_v1.5.1/pico-sdk/src/common/pico_time/time.c.obj
 *fill*         0x100012ea        0x2 
 .text.add_alarm_under_lock
                0x100012ec      0x174 CMakeFiles/TITOProyect.dir/C_/Program_Files/Raspberry_Pi/Pico_SDK_v1.5.1/pico-sdk/src/common/pico_time/time.c.obj
 .text.alarm_pool_alarm_callback
                0x10001460      0x33c CMakeFiles/TITOProyect.dir/C_/Program_Files/Raspberry_Pi/Pico_SDK_v1.5.1/pico-sdk/src/common/pico_time/time.c.obj
 .text.alarm_pool_init_default
                0x1000179c       0x40 CMakeFiles/TITOProyect.dir/C_/Program_Files/Raspberry_Pi/Pico_SDK_v1.5.1/pico-sdk/src/common/pico_time/time.c.obj
                0x1000179c                alarm_pool_init_default
 .text.alarm_pool_get_default
                0x100017dc       0x2c CMakeFiles/TITOProyect.dir/C_/Program_Files/Raspberry_Pi/Pico_SDK_v1.5.1/pico-sdk/src/common/pico_time/time.c.obj
                0x100017dc                alarm_pool_get_default
 .text.alarm_pool_add_alarm_at
                0x10001808      0x168 CMakeFiles/TITOProyect.dir/C_/Program_Files/Raspberry_Pi/Pico_SDK_v1.5.1/pico-sdk/src/common/pico_time/time.c.obj
                0x10001808                alarm_pool_add_alarm_at
 .text.alarm_pool_cancel_alarm
                0x10001970       0xf8 CMakeFiles/TITOProyect.dir/C_/Program_Files/Raspberry_Pi/Pico_SDK_v1.5.1/pico-sdk/src/common/pico_time/time.c.obj
                0x10001970                alarm_pool_cancel_alarm
 .text.best_effort_wfe_or_timeout
                0x10001a68       0xac CMakeFiles/TITOProyect.dir/C_/Program_Files/Raspberry_Pi/Pico_SDK_v1.5.1/pico-sdk/src/common/pico_time/time.c.obj
                0x10001a68                best_effort_wfe_or_timeout
 .text.hardware_alarm_irq_handler
                0x10001b14       0x90 CMakeFiles/TITOProyect.dir/C_/Program_Files/Raspberry_Pi/Pico_SDK_v1.5.1/pico-sdk/src/rp2_common/hardware_timer/timer.c.obj
 .text.hardware_alarm_claim
                0x10001ba4       0x18 CMakeFiles/TITOProyect.dir/C_/Program_Files/Raspberry_Pi/Pico_SDK_v1.5.1/pico-sdk/src/rp2_common/hardware_timer/timer.c.obj
                0x10001ba4                hardware_alarm_claim
 .text.time_us_64
                0x10001bbc       0x18 CMakeFiles/TITOProyect.dir/C_/Program_Files/Raspberry_Pi/Pico_SDK_v1.5.1/pico-sdk/src/rp2_common/hardware_timer/timer.c.obj
                0x10001bbc                time_us_64
 .text.busy_wait_until
                0x10001bd4       0x28 CMakeFiles/TITOProyect.dir/C_/Program_Files/Raspberry_Pi/Pico_SDK_v1.5.1/pico-sdk/src/rp2_common/hardware_timer/timer.c.obj
                0x10001bd4                busy_wait_until
 .text.busy_wait_us
                0x10001bfc       0x48 CMakeFiles/TITOProyect.dir/C_/Program_Files/Raspberry_Pi/Pico_SDK_v1.5.1/pico-sdk/src/rp2_common/hardware_timer/timer.c.obj
                0x10001bfc                busy_wait_us
 .text.hardware_alarm_set_callback
                0x10001c44       0x90 CMakeFiles/TITOProyect.dir/C_/Program_Files/Raspberry_Pi/Pico_SDK_v1.5.1/pico-sdk/src/rp2_common/hardware_timer/timer.c.obj
                0x10001c44                hardware_alarm_set_callback
 .text.hardware_alarm_set_target
                0x10001cd4       0xe8 CMakeFiles/TITOProyect.dir/C_/Program_Files/Raspberry_Pi/Pico_SDK_v1.5.1/pico-sdk/src/rp2_common/hardware_timer/timer.c.obj
                0x10001cd4                hardware_alarm_set_target
 .text.hardware_alarm_cancel
                0x10001dbc       0x40 CMakeFiles/TITOProyect.dir/C_/Program_Files/Raspberry_Pi/Pico_SDK_v1.5.1/pico-sdk/src/rp2_common/hardware_timer/timer.c.obj
                0x10001dbc                hardware_alarm_cancel
 .text.ph_add_child_node
                0x10001dfc       0xa4 CMakeFiles/TITOProyect.dir/C_/Program_Files/Raspberry_Pi/Pico_SDK_v1.5.1/pico-sdk/src/common/pico_util/pheap.c.obj
 .text.ph_merge_nodes
                0x10001ea0       0x3e CMakeFiles/TITOProyect.dir/C_/Program_Files/Raspberry_Pi/Pico_SDK_v1.5.1/pico-sdk/src/common/pico_util/pheap.c.obj
 *fill*         0x10001ede        0x2 
 .text.ph_clear
                0x10001ee0       0x70 CMakeFiles/TITOProyect.dir/C_/Program_Files/Raspberry_Pi/Pico_SDK_v1.5.1/pico-sdk/src/common/pico_util/pheap.c.obj
                0x10001ee0                ph_clear
 .text.ph_post_alloc_init
                0x10001f50        0xe CMakeFiles/TITOProyect.dir/C_/Program_Files/Raspberry_Pi/Pico_SDK_v1.5.1/pico-sdk/src/common/pico_util/pheap.c.obj
                0x10001f50                ph_post_alloc_init
 *fill*         0x10001f5e        0x2 
 .text.ph_merge_two_pass
                0x10001f60       0xa8 CMakeFiles/TITOProyect.dir/C_/Program_Files/Raspberry_Pi/Pico_SDK_v1.5.1/pico-sdk/src/common/pico_util/pheap.c.obj
                0x10001f60                ph_merge_two_pass
 .text.ph_remove_any_head
                0x10002008      0x128 CMakeFiles/TITOProyect.dir/C_/Program_Files/Raspberry_Pi/Pico_SDK_v1.5.1/pico-sdk/src/common/pico_util/pheap.c.obj
 .text.ph_remove_head
                0x10002130       0x14 CMakeFiles/TITOProyect.dir/C_/Program_Files/Raspberry_Pi/Pico_SDK_v1.5.1/pico-sdk/src/common/pico_util/pheap.c.obj
                0x10002130                ph_remove_head
 .text.ph_remove_and_free_node
                0x10002144       0xf8 CMakeFiles/TITOProyect.dir/C_/Program_Files/Raspberry_Pi/Pico_SDK_v1.5.1/pico-sdk/src/common/pico_util/pheap.c.obj
                0x10002144                ph_remove_and_free_node
 .text.pll_init
                0x1000223c      0x120 CMakeFiles/TITOProyect.dir/C_/Program_Files/Raspberry_Pi/Pico_SDK_v1.5.1/pico-sdk/src/rp2_common/hardware_pll/pll.c.obj
                0x1000223c                pll_init
 .text.watchdog_start_tick
                0x1000235c       0x10 CMakeFiles/TITOProyect.dir/C_/Program_Files/Raspberry_Pi/Pico_SDK_v1.5.1/pico-sdk/src/rp2_common/hardware_watchdog/watchdog.c.obj
                0x1000235c                watchdog_start_tick
 .text.xosc_init
                0x1000236c       0x28 CMakeFiles/TITOProyect.dir/C_/Program_Files/Raspberry_Pi/Pico_SDK_v1.5.1/pico-sdk/src/rp2_common/hardware_xosc/xosc.c.obj
                0x1000236c                xosc_init
 .text.dma_claim_unused_channel
                0x10002394       0x20 CMakeFiles/TITOProyect.dir/C_/Program_Files/Raspberry_Pi/Pico_SDK_v1.5.1/pico-sdk/src/rp2_common/hardware_dma/dma.c.obj
                0x10002394                dma_claim_unused_channel
 .text.uart_disable_before_lcr_write
                0x100023b4       0x48 CMakeFiles/TITOProyect.dir/C_/Program_Files/Raspberry_Pi/Pico_SDK_v1.5.1/pico-sdk/src/rp2_common/hardware_uart/uart.c.obj
 .text.uart_write_lcr_bits_masked
                0x100023fc       0x22 CMakeFiles/TITOProyect.dir/C_/Program_Files/Raspberry_Pi/Pico_SDK_v1.5.1/pico-sdk/src/rp2_common/hardware_uart/uart.c.obj
 *fill*         0x1000241e        0x2 
 .text.uart_set_baudrate
                0x10002420       0x5c CMakeFiles/TITOProyect.dir/C_/Program_Files/Raspberry_Pi/Pico_SDK_v1.5.1/pico-sdk/src/rp2_common/hardware_uart/uart.c.obj
                0x10002420                uart_set_baudrate
 .text.uart_set_format
                0x1000247c       0x2c CMakeFiles/TITOProyect.dir/C_/Program_Files/Raspberry_Pi/Pico_SDK_v1.5.1/pico-sdk/src/rp2_common/hardware_uart/uart.c.obj
                0x1000247c                uart_set_format
 .text.uart_set_translate_crlf
                0x100024a8       0x28 CMakeFiles/TITOProyect.dir/C_/Program_Files/Raspberry_Pi/Pico_SDK_v1.5.1/pico-sdk/src/rp2_common/hardware_uart/uart.c.obj
                0x100024a8                uart_set_translate_crlf
 .text.uart_init
                0x100024d0       0x80 CMakeFiles/TITOProyect.dir/C_/Program_Files/Raspberry_Pi/Pico_SDK_v1.5.1/pico-sdk/src/rp2_common/hardware_uart/uart.c.obj
                0x100024d0                uart_init
 .text._exit    0x10002550        0x4 CMakeFiles/TITOProyect.dir/C_/Program_Files/Raspberry_Pi/Pico_SDK_v1.5.1/pico-sdk/src/rp2_common/pico_runtime/runtime.c.obj
                0x10002550                _exit
 .text._sbrk    0x10002554       0x38 CMakeFiles/TITOProyect.dir/C_/Program_Files/Raspberry_Pi/Pico_SDK_v1.5.1/pico-sdk/src/rp2_common/pico_runtime/runtime.c.obj
                0x10002554                _sbrk
 .text.exit     0x1000258c        0x6 CMakeFiles/TITOProyect.dir/C_/Program_Files/Raspberry_Pi/Pico_SDK_v1.5.1/pico-sdk/src/rp2_common/pico_runtime/runtime.c.obj
                0x1000258c                exit
 *fill*         0x10002592        0x2 
 .text.__assert_func
                0x10002594       0x3c CMakeFiles/TITOProyect.dir/C_/Program_Files/Raspberry_Pi/Pico_SDK_v1.5.1/pico-sdk/src/rp2_common/pico_runtime/runtime.c.obj
                0x10002594                __assert_func
 .text.runtime_init
                0x100025d0       0xf8 CMakeFiles/TITOProyect.dir/C_/Program_Files/Raspberry_Pi/Pico_SDK_v1.5.1/pico-sdk/src/rp2_common/pico_runtime/runtime.c.obj
                0x100025d0                runtime_init
 .text.panic    0x100026c8       0x30 CMakeFiles/TITOProyect.dir/C_/Program_Files/Raspberry_Pi/Pico_SDK_v1.5.1/pico-sdk/src/rp2_common/pico_runtime/runtime.c.obj
                0x100026c8                panic
 .text._out_buffer
                0x100026f8        0x8 CMakeFiles/TITOProyect.dir/C_/Program_Files/Raspberry_Pi/Pico_SDK_v1.5.1/pico-sdk/src/rp2_common/pico_printf/printf.c.obj
 .text._out_null
                0x10002700        0x2 CMakeFiles/TITOProyect.dir/C_/Program_Files/Raspberry_Pi/Pico_SDK_v1.5.1/pico-sdk/src/rp2_common/pico_printf/printf.c.obj
 .text._out_fct
                0x10002702        0xe CMakeFiles/TITOProyect.dir/C_/Program_Files/Raspberry_Pi/Pico_SDK_v1.5.1/pico-sdk/src/rp2_common/pico_printf/printf.c.obj
 .text._atoi    0x10002710       0x24 CMakeFiles/TITOProyect.dir/C_/Program_Files/Raspberry_Pi/Pico_SDK_v1.5.1/pico-sdk/src/rp2_common/pico_printf/printf.c.obj
 .text._out_rev
                0x10002734       0xae CMakeFiles/TITOProyect.dir/C_/Program_Files/Raspberry_Pi/Pico_SDK_v1.5.1/pico-sdk/src/rp2_common/pico_printf/printf.c.obj
 .text._ntoa_format
                0x100027e2      0x112 CMakeFiles/TITOProyect.dir/C_/Program_Files/Raspberry_Pi/Pico_SDK_v1.5.1/pico-sdk/src/rp2_common/pico_printf/printf.c.obj
 .text._ntoa_long
                0x100028f4       0xbc CMakeFiles/TITOProyect.dir/C_/Program_Files/Raspberry_Pi/Pico_SDK_v1.5.1/pico-sdk/src/rp2_common/pico_printf/printf.c.obj
 .text._ntoa_long_long
                0x100029b0       0xe2 CMakeFiles/TITOProyect.dir/C_/Program_Files/Raspberry_Pi/Pico_SDK_v1.5.1/pico-sdk/src/rp2_common/pico_printf/printf.c.obj
 *fill*         0x10002a92        0x2 
 .text._etoa    0x10002a94      0x414 CMakeFiles/TITOProyect.dir/C_/Program_Files/Raspberry_Pi/Pico_SDK_v1.5.1/pico-sdk/src/rp2_common/pico_printf/printf.c.obj
 .text._ftoa    0x10002ea8      0x354 CMakeFiles/TITOProyect.dir/C_/Program_Files/Raspberry_Pi/Pico_SDK_v1.5.1/pico-sdk/src/rp2_common/pico_printf/printf.c.obj
 .text._vsnprintf
                0x100031fc      0x624 CMakeFiles/TITOProyect.dir/C_/Program_Files/Raspberry_Pi/Pico_SDK_v1.5.1/pico-sdk/src/rp2_common/pico_printf/printf.c.obj
 .text.__wrap_vsnprintf
                0x10003820       0x1c CMakeFiles/TITOProyect.dir/C_/Program_Files/Raspberry_Pi/Pico_SDK_v1.5.1/pico-sdk/src/rp2_common/pico_printf/printf.c.obj
                0x10003820                __wrap_vsnprintf
 .text.vfctprintf
                0x1000383c       0x20 CMakeFiles/TITOProyect.dir/C_/Program_Files/Raspberry_Pi/Pico_SDK_v1.5.1/pico-sdk/src/rp2_common/pico_printf/printf.c.obj
                0x1000383c                vfctprintf
 .text          0x1000385c       0x10 CMakeFiles/TITOProyect.dir/C_/Program_Files/Raspberry_Pi/Pico_SDK_v1.5.1/pico-sdk/src/rp2_common/pico_bit_ops/bit_ops_aeabi.S.obj
 .text.__wrap___aeabi_idiv
                0x1000386c       0x50 CMakeFiles/TITOProyect.dir/C_/Program_Files/Raspberry_Pi/Pico_SDK_v1.5.1/pico-sdk/src/rp2_common/pico_divider/divider.S.obj
                0x1000386c                __wrap___aeabi_idivmod
                0x1000386c                divmod_s32s32
                0x1000386c                div_s32s32
                0x1000386c                __wrap___aeabi_idiv
                0x10003874                divmod_s32s32_unsafe
                0x100038a0                divmod_s32s32_savestate
 .text.__wrap___aeabi_uidiv
                0x100038bc       0x4c CMakeFiles/TITOProyect.dir/C_/Program_Files/Raspberry_Pi/Pico_SDK_v1.5.1/pico-sdk/src/rp2_common/pico_divider/divider.S.obj
                0x100038bc                __wrap___aeabi_uidiv
                0x100038bc                __wrap___aeabi_uidivmod
                0x100038bc                div_u32u32
                0x100038bc                divmod_u32u32
                0x100038c4                divmod_u32u32_unsafe
                0x100038ec                divmod_u32u32_savestate
 .text.__wrap___aeabi_ldiv
                0x10003908      0x424 CMakeFiles/TITOProyect.dir/C_/Program_Files/Raspberry_Pi/Pico_SDK_v1.5.1/pico-sdk/src/rp2_common/pico_divider/divider.S.obj
                0x10003908                div_s64s64
                0x10003908                divmod_s64s64
                0x10003908                __wrap___aeabi_ldivmod
                0x10003938                divmod_u64u64
                0x10003938                div_u64u64
                0x10003938                __wrap___aeabi_uldivmod
                0x10003948                divmod_u64u64_savestate
                0x10003968                divmod_s64s64_unsafe
                0x100039f0                divmod_u64u64_unsafe
 .text.__wrap___aeabi_darithmetic
                0x10003d2c       0x60 CMakeFiles/TITOProyect.dir/C_/Program_Files/Raspberry_Pi/Pico_SDK_v1.5.1/pico-sdk/src/rp2_common/pico_double/double_aeabi.S.obj
                0x10003d2c                __wrap___aeabi_drsub
                0x10003d32                __wrap___aeabi_dsub
                0x10003d3c                __wrap___aeabi_dadd
                0x10003d46                __wrap___aeabi_ddiv
                0x10003d7a                __wrap___aeabi_dmul
 .text.__wrap___aeabi_cdcmple
                0x10003d8c       0x6c CMakeFiles/TITOProyect.dir/C_/Program_Files/Raspberry_Pi/Pico_SDK_v1.5.1/pico-sdk/src/rp2_common/pico_double/double_aeabi.S.obj
                0x10003d8c                __wrap___aeabi_cdrcmple
                0x10003d9c                __wrap___aeabi_cdcmpeq
                0x10003d9c                __wrap___aeabi_cdcmple
 .text.__wrap___aeabi_dcmplt
                0x10003df8        0xc CMakeFiles/TITOProyect.dir/C_/Program_Files/Raspberry_Pi/Pico_SDK_v1.5.1/pico-sdk/src/rp2_common/pico_double/double_aeabi.S.obj
                0x10003df8                __wrap___aeabi_dcmplt
 .text.__wrap___aeabi_dcmple
                0x10003e04       0x10 CMakeFiles/TITOProyect.dir/C_/Program_Files/Raspberry_Pi/Pico_SDK_v1.5.1/pico-sdk/src/rp2_common/pico_double/double_aeabi.S.obj
                0x10003e04                __wrap___aeabi_dcmple
 .text.__wrap___aeabi_dcmpge
                0x10003e14       0x10 CMakeFiles/TITOProyect.dir/C_/Program_Files/Raspberry_Pi/Pico_SDK_v1.5.1/pico-sdk/src/rp2_common/pico_double/double_aeabi.S.obj
                0x10003e14                __wrap___aeabi_dcmpge
 .text.__wrap___aeabi_dcmpgt
                0x10003e24        0xa CMakeFiles/TITOProyect.dir/C_/Program_Files/Raspberry_Pi/Pico_SDK_v1.5.1/pico-sdk/src/rp2_common/pico_double/double_aeabi.S.obj
                0x10003e24                __wrap___aeabi_dcmpgt
 .text.__wrap___aeabi_dcmpun
                0x10003e2e       0x1c CMakeFiles/TITOProyect.dir/C_/Program_Files/Raspberry_Pi/Pico_SDK_v1.5.1/pico-sdk/src/rp2_common/pico_double/double_aeabi.S.obj
                0x10003e2e                __wrap___aeabi_dcmpun
 *fill*         0x10003e4a        0x2 
 .text.__wrap___aeabi_i2d
                0x10003e4c       0x38 CMakeFiles/TITOProyect.dir/C_/Program_Files/Raspberry_Pi/Pico_SDK_v1.5.1/pico-sdk/src/rp2_common/pico_double/double_aeabi.S.obj
                0x10003e4c                __wrap___aeabi_ui2d
                0x10003e54                __wrap___aeabi_i2d
 .text.__wrap___aeabi_d2iz
                0x10003e84       0x48 CMakeFiles/TITOProyect.dir/C_/Program_Files/Raspberry_Pi/Pico_SDK_v1.5.1/pico-sdk/src/rp2_common/pico_double/double_aeabi.S.obj
                0x10003e84                double2int_z
                0x10003e84                __wrap___aeabi_d2iz
 .text.__wrap___aeabi_d2uiz
                0x10003ecc       0x10 CMakeFiles/TITOProyect.dir/C_/Program_Files/Raspberry_Pi/Pico_SDK_v1.5.1/pico-sdk/src/rp2_common/pico_double/double_aeabi.S.obj
                0x10003ecc                __wrap___aeabi_d2uiz
                0x10003ecc                double2uint
 .text.missing_double_func_shim
                0x10003edc        0xc CMakeFiles/TITOProyect.dir/C_/Program_Files/Raspberry_Pi/Pico_SDK_v1.5.1/pico-sdk/src/rp2_common/pico_double/double_init_rom.c.obj
 .text.__aeabi_double_init
                0x10003ee8       0xcc CMakeFiles/TITOProyect.dir/C_/Program_Files/Raspberry_Pi/Pico_SDK_v1.5.1/pico-sdk/src/rp2_common/pico_double/double_init_rom.c.obj
                0x10003ee8                __aeabi_double_init
 .text.double_table_shim_on_use_helper
                0x10003fb4       0x34 CMakeFiles/TITOProyect.dir/C_/Program_Files/Raspberry_Pi/Pico_SDK_v1.5.1/pico-sdk/src/rp2_common/pico_double/double_v1_rom_shim.S.obj
                0x10003fb4                double_table_shim_on_use_helper
 .text.__aeabi_lmul
                0x10003fe8       0x32 CMakeFiles/TITOProyect.dir/C_/Program_Files/Raspberry_Pi/Pico_SDK_v1.5.1/pico-sdk/src/rp2_common/pico_int64_ops/pico_int64_ops_aeabi.S.obj
                0x10003fe8                __wrap___aeabi_lmul
 *fill*         0x1000401a        0x2 
 .text.missing_float_func_shim
                0x1000401c        0xc CMakeFiles/TITOProyect.dir/C_/Program_Files/Raspberry_Pi/Pico_SDK_v1.5.1/pico-sdk/src/rp2_common/pico_float/float_init_rom.c.obj
 .text.__aeabi_float_init
                0x10004028       0x88 CMakeFiles/TITOProyect.dir/C_/Program_Files/Raspberry_Pi/Pico_SDK_v1.5.1/pico-sdk/src/rp2_common/pico_float/float_init_rom.c.obj
                0x10004028                __aeabi_float_init
 .text.__wrap_malloc
                0x100040b0       0x24 CMakeFiles/TITOProyect.dir/C_/Program_Files/Raspberry_Pi/Pico_SDK_v1.5.1/pico-sdk/src/rp2_common/pico_malloc/pico_malloc.c.obj
                0x100040b0                __wrap_malloc
 .text.__wrap_free
                0x100040d4        0x8 CMakeFiles/TITOProyect.dir/C_/Program_Files/Raspberry_Pi/Pico_SDK_v1.5.1/pico-sdk/src/rp2_common/pico_malloc/pico_malloc.c.obj
                0x100040d4                __wrap_free
 .text          0x100040dc       0x10 CMakeFiles/TITOProyect.dir/C_/Program_Files/Raspberry_Pi/Pico_SDK_v1.5.1/pico-sdk/src/rp2_common/pico_mem_ops/mem_ops_aeabi.S.obj
                0x100040dc                __aeabi_mem_init
 .text.memset   0x100040ec        0xc CMakeFiles/TITOProyect.dir/C_/Program_Files/Raspberry_Pi/Pico_SDK_v1.5.1/pico-sdk/src/rp2_common/pico_mem_ops/mem_ops_aeabi.S.obj
                0x100040ec                __wrap_memset
 .text.memcpy   0x100040f8        0xc CMakeFiles/TITOProyect.dir/C_/Program_Files/Raspberry_Pi/Pico_SDK_v1.5.1/pico-sdk/src/rp2_common/pico_mem_ops/mem_ops_aeabi.S.obj
                0x100040f8                __wrap_memcpy
                0x100040f8                __wrap___aeabi_memcpy
 .text.stdio_out_chars_no_crlf
                0x10004104        0xe CMakeFiles/TITOProyect.dir/C_/Program_Files/Raspberry_Pi/Pico_SDK_v1.5.1/pico-sdk/src/rp2_common/pico_stdio/stdio.c.obj
 *fill*         0x10004112        0x2 
 .text.stdio_out_chars_crlf
                0x10004114       0x80 CMakeFiles/TITOProyect.dir/C_/Program_Files/Raspberry_Pi/Pico_SDK_v1.5.1/pico-sdk/src/rp2_common/pico_stdio/stdio.c.obj
 .text.stdio_stack_buffer_flush
                0x10004194       0x44 CMakeFiles/TITOProyect.dir/C_/Program_Files/Raspberry_Pi/Pico_SDK_v1.5.1/pico-sdk/src/rp2_common/pico_stdio/stdio.c.obj
 .text.stdio_buffered_printer
                0x100041d8       0x20 CMakeFiles/TITOProyect.dir/C_/Program_Files/Raspberry_Pi/Pico_SDK_v1.5.1/pico-sdk/src/rp2_common/pico_stdio/stdio.c.obj
 .text.stdio_get_until
                0x100041f8       0x80 CMakeFiles/TITOProyect.dir/C_/Program_Files/Raspberry_Pi/Pico_SDK_v1.5.1/pico-sdk/src/rp2_common/pico_stdio/stdio.c.obj
 .text.stdout_serialize_begin
                0x10004278       0x5c CMakeFiles/TITOProyect.dir/C_/Program_Files/Raspberry_Pi/Pico_SDK_v1.5.1/pico-sdk/src/rp2_common/pico_stdio/stdio.c.obj
                0x10004278                stdout_serialize_begin
 .text.stdout_serialize_end
                0x100042d4       0x10 CMakeFiles/TITOProyect.dir/C_/Program_Files/Raspberry_Pi/Pico_SDK_v1.5.1/pico-sdk/src/rp2_common/pico_stdio/stdio.c.obj
                0x100042d4                stdout_serialize_end
 .text.stdio_put_string
                0x100042e4       0x98 CMakeFiles/TITOProyect.dir/C_/Program_Files/Raspberry_Pi/Pico_SDK_v1.5.1/pico-sdk/src/rp2_common/pico_stdio/stdio.c.obj
 .text._read    0x1000437c       0x24 CMakeFiles/TITOProyect.dir/C_/Program_Files/Raspberry_Pi/Pico_SDK_v1.5.1/pico-sdk/src/rp2_common/pico_stdio/stdio.c.obj
                0x1000437c                _read
 .text._write   0x100043a0       0x22 CMakeFiles/TITOProyect.dir/C_/Program_Files/Raspberry_Pi/Pico_SDK_v1.5.1/pico-sdk/src/rp2_common/pico_stdio/stdio.c.obj
                0x100043a0                _write
 .text._close   0x100043c2        0x6 CMakeFiles/TITOProyect.dir/C_/Program_Files/Raspberry_Pi/Pico_SDK_v1.5.1/pico-sdk/src/rp2_common/pico_stdio/stdio.c.obj
                0x100043c2                _close
 .text._lseek   0x100043c8        0x6 CMakeFiles/TITOProyect.dir/C_/Program_Files/Raspberry_Pi/Pico_SDK_v1.5.1/pico-sdk/src/rp2_common/pico_stdio/stdio.c.obj
                0x100043c8                _lseek
 *fill*         0x100043ce        0x2 
 .text.stdio_set_driver_enabled
                0x100043d0       0x2c CMakeFiles/TITOProyect.dir/C_/Program_Files/Raspberry_Pi/Pico_SDK_v1.5.1/pico-sdk/src/rp2_common/pico_stdio/stdio.c.obj
                0x100043d0                stdio_set_driver_enabled
 .text.stdio_flush
                0x100043fc       0x20 CMakeFiles/TITOProyect.dir/C_/Program_Files/Raspberry_Pi/Pico_SDK_v1.5.1/pico-sdk/src/rp2_common/pico_stdio/stdio.c.obj
                0x100043fc                stdio_flush
 .text.__wrap_puts
                0x1000441c       0x1e CMakeFiles/TITOProyect.dir/C_/Program_Files/Raspberry_Pi/Pico_SDK_v1.5.1/pico-sdk/src/rp2_common/pico_stdio/stdio.c.obj
                0x1000441c                __wrap_puts
 *fill*         0x1000443a        0x2 
 .text.__wrap_vprintf
                0x1000443c       0x40 CMakeFiles/TITOProyect.dir/C_/Program_Files/Raspberry_Pi/Pico_SDK_v1.5.1/pico-sdk/src/rp2_common/pico_stdio/stdio.c.obj
                0x1000443c                __wrap_vprintf
 .text.__wrap_printf
                0x1000447c       0x18 CMakeFiles/TITOProyect.dir/C_/Program_Files/Raspberry_Pi/Pico_SDK_v1.5.1/pico-sdk/src/rp2_common/pico_stdio/stdio.c.obj
                0x1000447c                __wrap_printf
 .text.stdio_init_all
                0x10004494        0xa CMakeFiles/TITOProyect.dir/C_/Program_Files/Raspberry_Pi/Pico_SDK_v1.5.1/pico-sdk/src/rp2_common/pico_stdio/stdio.c.obj
                0x10004494                stdio_init_all
 *fill*         0x1000449e        0x2 
 .text.stdio_uart_out_chars
                0x100044a0       0x74 CMakeFiles/TITOProyect.dir/C_/Program_Files/Raspberry_Pi/Pico_SDK_v1.5.1/pico-sdk/src/rp2_common/pico_stdio_uart/stdio_uart.c.obj
 .text.stdio_uart_in_chars
                0x10004514       0x80 CMakeFiles/TITOProyect.dir/C_/Program_Files/Raspberry_Pi/Pico_SDK_v1.5.1/pico-sdk/src/rp2_common/pico_stdio_uart/stdio_uart.c.obj
                0x10004514                stdio_uart_in_chars
 .text.on_uart_rx
                0x10004594       0x28 CMakeFiles/TITOProyect.dir/C_/Program_Files/Raspberry_Pi/Pico_SDK_v1.5.1/pico-sdk/src/rp2_common/pico_stdio_uart/stdio_uart.c.obj
 .text.stdio_uart_set_chars_available_callback
                0x100045bc       0x8c CMakeFiles/TITOProyect.dir/C_/Program_Files/Raspberry_Pi/Pico_SDK_v1.5.1/pico-sdk/src/rp2_common/pico_stdio_uart/stdio_uart.c.obj
 .text.stdio_uart_init_full
                0x10004648       0x44 CMakeFiles/TITOProyect.dir/C_/Program_Files/Raspberry_Pi/Pico_SDK_v1.5.1/pico-sdk/src/rp2_common/pico_stdio_uart/stdio_uart.c.obj
                0x10004648                stdio_uart_init_full
 .text.stdio_uart_init
                0x1000468c       0x28 CMakeFiles/TITOProyect.dir/C_/Program_Files/Raspberry_Pi/Pico_SDK_v1.5.1/pico-sdk/src/rp2_common/pico_stdio_uart/stdio_uart.c.obj
                0x1000468c                stdio_uart_init
 .text.spi_set_baudrate
                0x100046b4       0xcc CMakeFiles/TITOProyect.dir/C_/Program_Files/Raspberry_Pi/Pico_SDK_v1.5.1/pico-sdk/src/rp2_common/hardware_spi/spi.c.obj
                0x100046b4                spi_set_baudrate
 .text.spi_init
                0x10004780       0x74 CMakeFiles/TITOProyect.dir/C_/Program_Files/Raspberry_Pi/Pico_SDK_v1.5.1/pico-sdk/src/rp2_common/hardware_spi/spi.c.obj
                0x10004780                spi_init
 .text.i2c_write_blocking_internal
                0x100047f4      0x140 CMakeFiles/TITOProyect.dir/C_/Program_Files/Raspberry_Pi/Pico_SDK_v1.5.1/pico-sdk/src/rp2_common/hardware_i2c/i2c.c.obj
 .text.i2c_set_baudrate
                0x10004934       0xf0 CMakeFiles/TITOProyect.dir/C_/Program_Files/Raspberry_Pi/Pico_SDK_v1.5.1/pico-sdk/src/rp2_common/hardware_i2c/i2c.c.obj
                0x10004934                i2c_set_baudrate
 .text.i2c_init
                0x10004a24       0x58 CMakeFiles/TITOProyect.dir/C_/Program_Files/Raspberry_Pi/Pico_SDK_v1.5.1/pico-sdk/src/rp2_common/hardware_i2c/i2c.c.obj
                0x10004a24                i2c_init
 .text.i2c_write_blocking
                0x10004a7c       0x18 CMakeFiles/TITOProyect.dir/C_/Program_Files/Raspberry_Pi/Pico_SDK_v1.5.1/pico-sdk/src/rp2_common/hardware_i2c/i2c.c.obj
                0x10004a7c                i2c_write_blocking
 .text.SystemCoreClockUpdate
                0x10004a94       0x14 CMakeFiles/TITOProyect.dir/C_/Program_Files/Raspberry_Pi/Pico_SDK_v1.5.1/pico-sdk/src/rp2_common/cmsis/stub/CMSIS/Device/RaspberryPi/RP2040/Source/system_RP2040.c.obj
                0x10004a94                SystemCoreClockUpdate
 .text.SystemInit
                0x10004aa8        0x8 CMakeFiles/TITOProyect.dir/C_/Program_Files/Raspberry_Pi/Pico_SDK_v1.5.1/pico-sdk/src/rp2_common/cmsis/stub/CMSIS/Device/RaspberryPi/RP2040/Source/system_RP2040.c.obj
                0x10004aa8                SystemInit
 .text.ff_memalloc
                0x10004ab0        0x8 CMakeFiles/TITOProyect.dir/FatFs_SPI/ff15/source/ffsystem.c.obj
                0x10004ab0                ff_memalloc
 .text.ff_memfree
                0x10004ab8        0x8 CMakeFiles/TITOProyect.dir/FatFs_SPI/ff15/source/ffsystem.c.obj
                0x10004ab8                ff_memfree
 .text.ff_uni2oem
                0x10004ac0       0x44 CMakeFiles/TITOProyect.dir/FatFs_SPI/ff15/source/ffunicode.c.obj
                0x10004ac0                ff_uni2oem
 .text.ff_oem2uni
                0x10004b04       0x30 CMakeFiles/TITOProyect.dir/FatFs_SPI/ff15/source/ffunicode.c.obj
                0x10004b04                ff_oem2uni
 .text.ff_wtoupper
                0x10004b34       0xa8 CMakeFiles/TITOProyect.dir/FatFs_SPI/ff15/source/ffunicode.c.obj
                0x10004b34                ff_wtoupper
 .text.ld_word  0x10004bdc        0xa CMakeFiles/TITOProyect.dir/FatFs_SPI/ff15/source/ff.c.obj
 .text.ld_dword
                0x10004be6       0x18 CMakeFiles/TITOProyect.dir/FatFs_SPI/ff15/source/ff.c.obj
 .text.ld_qword
                0x10004bfe       0x42 CMakeFiles/TITOProyect.dir/FatFs_SPI/ff15/source/ff.c.obj
 .text.st_word  0x10004c40        0x8 CMakeFiles/TITOProyect.dir/FatFs_SPI/ff15/source/ff.c.obj
 .text.st_dword
                0x10004c48       0x10 CMakeFiles/TITOProyect.dir/FatFs_SPI/ff15/source/ff.c.obj
 .text.dbc_1st  0x10004c58        0x4 CMakeFiles/TITOProyect.dir/FatFs_SPI/ff15/source/ff.c.obj
 .text.dbc_2nd  0x10004c5c        0x4 CMakeFiles/TITOProyect.dir/FatFs_SPI/ff15/source/ff.c.obj
 .text.tchar2uni
                0x10004c60       0xd0 CMakeFiles/TITOProyect.dir/FatFs_SPI/ff15/source/ff.c.obj
 .text.put_utf  0x10004d30       0xfc CMakeFiles/TITOProyect.dir/FatFs_SPI/ff15/source/ff.c.obj
 .text.inc_share
                0x10004e2c       0xa8 CMakeFiles/TITOProyect.dir/FatFs_SPI/ff15/source/ff.c.obj
 .text.clear_share
                0x10004ed4       0x24 CMakeFiles/TITOProyect.dir/FatFs_SPI/ff15/source/ff.c.obj
 .text.clst2sect
                0x10004ef8       0x28 CMakeFiles/TITOProyect.dir/FatFs_SPI/ff15/source/ff.c.obj
 .text.ld_clust
                0x10004f20       0x26 CMakeFiles/TITOProyect.dir/FatFs_SPI/ff15/source/ff.c.obj
 *fill*         0x10004f46        0x2 
 .text.pick_lfn
                0x10004f48       0x94 CMakeFiles/TITOProyect.dir/FatFs_SPI/ff15/source/ff.c.obj
 .text.sum_sfn  0x10004fdc       0x20 CMakeFiles/TITOProyect.dir/FatFs_SPI/ff15/source/ff.c.obj
 .text.xdir_sum
                0x10004ffc       0x2e CMakeFiles/TITOProyect.dir/FatFs_SPI/ff15/source/ff.c.obj
 .text.init_alloc_info
                0x1000502a       0x2e CMakeFiles/TITOProyect.dir/FatFs_SPI/ff15/source/ff.c.obj
 .text.get_ldnumber
                0x10005058       0x5c CMakeFiles/TITOProyect.dir/FatFs_SPI/ff15/source/ff.c.obj
 .text.crc32    0x100050b4       0x2c CMakeFiles/TITOProyect.dir/FatFs_SPI/ff15/source/ff.c.obj
 .text.validate
                0x100050e0       0x52 CMakeFiles/TITOProyect.dir/FatFs_SPI/ff15/source/ff.c.obj
 *fill*         0x10005132        0x2 
 .text.test_gpt_header
                0x10005134       0x7c CMakeFiles/TITOProyect.dir/FatFs_SPI/ff15/source/ff.c.obj
 .text.sync_window
                0x100051b0       0x70 CMakeFiles/TITOProyect.dir/FatFs_SPI/ff15/source/ff.c.obj
 .text.move_window
                0x10005220       0x4c CMakeFiles/TITOProyect.dir/FatFs_SPI/ff15/source/ff.c.obj
 .text.check_fs
                0x1000526c      0x100 CMakeFiles/TITOProyect.dir/FatFs_SPI/ff15/source/ff.c.obj
 .text.find_volume
                0x1000536c      0x14c CMakeFiles/TITOProyect.dir/FatFs_SPI/ff15/source/ff.c.obj
 .text.mount_volume
                0x100054b8      0x540 CMakeFiles/TITOProyect.dir/FatFs_SPI/ff15/source/ff.c.obj
 .text.find_bitmap
                0x100059f8       0xa6 CMakeFiles/TITOProyect.dir/FatFs_SPI/ff15/source/ff.c.obj
 .text.change_bitmap
                0x10005a9e       0x96 CMakeFiles/TITOProyect.dir/FatFs_SPI/ff15/source/ff.c.obj
 .text.put_fat  0x10005b34      0x176 CMakeFiles/TITOProyect.dir/FatFs_SPI/ff15/source/ff.c.obj
 .text.fill_last_frag
                0x10005caa       0x32 CMakeFiles/TITOProyect.dir/FatFs_SPI/ff15/source/ff.c.obj
 .text.get_fat  0x10005cdc      0x1ac CMakeFiles/TITOProyect.dir/FatFs_SPI/ff15/source/ff.c.obj
 .text.create_chain
                0x10005e88      0x1c6 CMakeFiles/TITOProyect.dir/FatFs_SPI/ff15/source/ff.c.obj
 .text.dir_sdi  0x1000604e       0xd4 CMakeFiles/TITOProyect.dir/FatFs_SPI/ff15/source/ff.c.obj
 .text.dir_clear
                0x10006122       0xf0 CMakeFiles/TITOProyect.dir/FatFs_SPI/ff15/source/ff.c.obj
 .text.dir_next
                0x10006212      0x104 CMakeFiles/TITOProyect.dir/FatFs_SPI/ff15/source/ff.c.obj
 .text.load_xdir
                0x10006316      0x10c CMakeFiles/TITOProyect.dir/FatFs_SPI/ff15/source/ff.c.obj
 .text.load_obj_xdir
                0x10006422       0x36 CMakeFiles/TITOProyect.dir/FatFs_SPI/ff15/source/ff.c.obj
 .text.dir_read
                0x10006458      0x114 CMakeFiles/TITOProyect.dir/FatFs_SPI/ff15/source/ff.c.obj
 .text.create_name
                0x1000656c      0x324 CMakeFiles/TITOProyect.dir/FatFs_SPI/ff15/source/ff.c.obj
 .text.xname_sum
                0x10006890       0x38 CMakeFiles/TITOProyect.dir/FatFs_SPI/ff15/source/ff.c.obj
 .text.cmp_lfn  0x100068c8       0xb0 CMakeFiles/TITOProyect.dir/FatFs_SPI/ff15/source/ff.c.obj
 .text.dir_find
                0x10006978      0x18c CMakeFiles/TITOProyect.dir/FatFs_SPI/ff15/source/ff.c.obj
 .text.follow_path
                0x10006b04      0x11a CMakeFiles/TITOProyect.dir/FatFs_SPI/ff15/source/ff.c.obj
 .text.get_fileinfo
                0x10006c1e      0x294 CMakeFiles/TITOProyect.dir/FatFs_SPI/ff15/source/ff.c.obj
 *fill*         0x10006eb2        0x2 
 .text.f_mount  0x10006eb4       0x60 CMakeFiles/TITOProyect.dir/FatFs_SPI/ff15/source/ff.c.obj
                0x10006eb4                f_mount
 .text.f_opendir
                0x10006f14       0xd2 CMakeFiles/TITOProyect.dir/FatFs_SPI/ff15/source/ff.c.obj
                0x10006f14                f_opendir
 .text.f_readdir
                0x10006fe6       0x74 CMakeFiles/TITOProyect.dir/FatFs_SPI/ff15/source/ff.c.obj
                0x10006fe6                f_readdir
 .text.sd_spi_deselect
                0x1000705a       0x2c CMakeFiles/TITOProyect.dir/FatFs_SPI/sd_driver/sd_spi.c.obj
 .text.sd_spi_select
                0x10007086       0x2c CMakeFiles/TITOProyect.dir/FatFs_SPI/sd_driver/sd_spi.c.obj
 .text.sd_spi_lock
                0x100070b2        0xa CMakeFiles/TITOProyect.dir/FatFs_SPI/sd_driver/sd_spi.c.obj
 .text.sd_spi_unlock
                0x100070bc        0xa CMakeFiles/TITOProyect.dir/FatFs_SPI/sd_driver/sd_spi.c.obj
 .text.sd_spi_go_high_frequency
                0x100070c6        0xe CMakeFiles/TITOProyect.dir/FatFs_SPI/sd_driver/sd_spi.c.obj
                0x100070c6                sd_spi_go_high_frequency
 .text.sd_spi_go_low_frequency
                0x100070d4       0x14 CMakeFiles/TITOProyect.dir/FatFs_SPI/sd_driver/sd_spi.c.obj
                0x100070d4                sd_spi_go_low_frequency
 .text.sd_spi_deselect_pulse
                0x100070e8       0x10 CMakeFiles/TITOProyect.dir/FatFs_SPI/sd_driver/sd_spi.c.obj
                0x100070e8                sd_spi_deselect_pulse
 .text.sd_spi_acquire
                0x100070f8       0x10 CMakeFiles/TITOProyect.dir/FatFs_SPI/sd_driver/sd_spi.c.obj
                0x100070f8                sd_spi_acquire
 .text.sd_spi_release
                0x10007108       0x10 CMakeFiles/TITOProyect.dir/FatFs_SPI/sd_driver/sd_spi.c.obj
                0x10007108                sd_spi_release
 .text.sd_spi_transfer
                0x10007118        0xa CMakeFiles/TITOProyect.dir/FatFs_SPI/sd_driver/sd_spi.c.obj
                0x10007118                sd_spi_transfer
 *fill*         0x10007122        0x2 
 .text.sd_spi_write
                0x10007124       0x44 CMakeFiles/TITOProyect.dir/FatFs_SPI/sd_driver/sd_spi.c.obj
                0x10007124                sd_spi_write
 .text.sd_spi_send_initializing_sequence
                0x10007168       0xc0 CMakeFiles/TITOProyect.dir/FatFs_SPI/sd_driver/sd_spi.c.obj
                0x10007168                sd_spi_send_initializing_sequence
 .text.sd_get_num
                0x10007228        0x4 CMakeFiles/TITOProyect.dir/FatFs_SPI/sd_driver/hw_config.c.obj
                0x10007228                sd_get_num
 .text.sd_get_by_num
                0x1000722c       0x20 CMakeFiles/TITOProyect.dir/FatFs_SPI/sd_driver/hw_config.c.obj
                0x1000722c                sd_get_by_num
 .text.spi_get_num
                0x1000724c        0x4 CMakeFiles/TITOProyect.dir/FatFs_SPI/sd_driver/hw_config.c.obj
                0x1000724c                spi_get_num
 .text.spi_get_by_num
                0x10007250       0x1c CMakeFiles/TITOProyect.dir/FatFs_SPI/sd_driver/hw_config.c.obj
                0x10007250                spi_get_by_num
 .text.spi_get_by_rx_dma
                0x1000726c       0x2a CMakeFiles/TITOProyect.dir/FatFs_SPI/sd_driver/spi.c.obj
 *fill*         0x10007296        0x2 
 .text.spi_lock
                0x10007298       0x30 CMakeFiles/TITOProyect.dir/FatFs_SPI/sd_driver/spi.c.obj
                0x10007298                spi_lock
 .text.spi_unlock
                0x100072c8       0x30 CMakeFiles/TITOProyect.dir/FatFs_SPI/sd_driver/spi.c.obj
                0x100072c8                spi_unlock
 .text.my_spi_init
                0x100072f8      0x26c CMakeFiles/TITOProyect.dir/FatFs_SPI/sd_driver/spi.c.obj
                0x100072f8                my_spi_init
 .text.ext_bits
                0x10007564       0x30 CMakeFiles/TITOProyect.dir/FatFs_SPI/sd_driver/sd_card.c.obj
 .text.sd_ctor  0x10007594       0x30 CMakeFiles/TITOProyect.dir/FatFs_SPI/sd_driver/sd_card.c.obj
 .text.sd_lock  0x100075c4       0x30 CMakeFiles/TITOProyect.dir/FatFs_SPI/sd_driver/sd_card.c.obj
 .text.sd_acquire
                0x100075f4       0x10 CMakeFiles/TITOProyect.dir/FatFs_SPI/sd_driver/sd_card.c.obj
 .text.sd_cmd_spi
                0x10007604       0x74 CMakeFiles/TITOProyect.dir/FatFs_SPI/sd_driver/sd_card.c.obj
 .text.sd_unlock
                0x10007678       0x30 CMakeFiles/TITOProyect.dir/FatFs_SPI/sd_driver/sd_card.c.obj
 .text.sd_release
                0x100076a8       0x10 CMakeFiles/TITOProyect.dir/FatFs_SPI/sd_driver/sd_card.c.obj
 .text.sd_wait_token
                0x100076b8       0x9c CMakeFiles/TITOProyect.dir/FatFs_SPI/sd_driver/sd_card.c.obj
 .text.sd_read_bytes
                0x10007754       0x90 CMakeFiles/TITOProyect.dir/FatFs_SPI/sd_driver/sd_card.c.obj
 .text.sd_read_block
                0x100077e4       0x8c CMakeFiles/TITOProyect.dir/FatFs_SPI/sd_driver/sd_card.c.obj
 .text.sd_wait_ready
                0x10007870       0xb8 CMakeFiles/TITOProyect.dir/FatFs_SPI/sd_driver/sd_card.c.obj
 .text.sd_cmd   0x10007928      0x2f0 CMakeFiles/TITOProyect.dir/FatFs_SPI/sd_driver/sd_card.c.obj
 .text.sd_cmd8  0x10007c18       0x50 CMakeFiles/TITOProyect.dir/FatFs_SPI/sd_driver/sd_card.c.obj
 .text.sd_sectors_nolock
                0x10007c68      0x148 CMakeFiles/TITOProyect.dir/FatFs_SPI/sd_driver/sd_card.c.obj
 .text.in_sd_read_blocks
                0x10007db0       0xbc CMakeFiles/TITOProyect.dir/FatFs_SPI/sd_driver/sd_card.c.obj
 .text.sd_read_blocks
                0x10007e6c       0x2e CMakeFiles/TITOProyect.dir/FatFs_SPI/sd_driver/sd_card.c.obj
                0x10007e6c                sd_read_blocks
 *fill*         0x10007e9a        0x2 
 .text.sd_go_idle_state
                0x10007e9c       0x44 CMakeFiles/TITOProyect.dir/FatFs_SPI/sd_driver/sd_card.c.obj
 .text.sd_init_medium
                0x10007ee0      0x188 CMakeFiles/TITOProyect.dir/FatFs_SPI/sd_driver/sd_card.c.obj
 .text.sd_init  0x10008068       0xe0 CMakeFiles/TITOProyect.dir/FatFs_SPI/sd_driver/sd_card.c.obj
 .text.sd_write_block
                0x10008148       0x8c CMakeFiles/TITOProyect.dir/FatFs_SPI/sd_driver/sd_card.c.obj
 .text.in_sd_write_blocks
                0x100081d4       0xf8 CMakeFiles/TITOProyect.dir/FatFs_SPI/sd_driver/sd_card.c.obj
 .text.sd_write_blocks
                0x100082cc       0x2e CMakeFiles/TITOProyect.dir/FatFs_SPI/sd_driver/sd_card.c.obj
                0x100082cc                sd_write_blocks
 .text.sd_test_com
                0x100082fa       0x9a CMakeFiles/TITOProyect.dir/FatFs_SPI/sd_driver/sd_card.c.obj
 .text.sd_init_driver
                0x10008394       0xc0 CMakeFiles/TITOProyect.dir/FatFs_SPI/sd_driver/sd_card.c.obj
                0x10008394                sd_init_driver
 .text.crc7     0x10008454       0x20 CMakeFiles/TITOProyect.dir/FatFs_SPI/sd_driver/crc.c.obj
                0x10008454                crc7
 .text.crc16    0x10008474       0x28 CMakeFiles/TITOProyect.dir/FatFs_SPI/sd_driver/crc.c.obj
                0x10008474                crc16
 .text.sdrc2dresult
                0x1000849c       0x60 CMakeFiles/TITOProyect.dir/FatFs_SPI/src/glue.c.obj
 .text.disk_status
                0x100084fc       0x12 CMakeFiles/TITOProyect.dir/FatFs_SPI/src/glue.c.obj
                0x100084fc                disk_status
 .text.disk_initialize
                0x1000850e       0x2a CMakeFiles/TITOProyect.dir/FatFs_SPI/src/glue.c.obj
                0x1000850e                disk_initialize
 .text.disk_read
                0x10008538       0x32 CMakeFiles/TITOProyect.dir/FatFs_SPI/src/glue.c.obj
                0x10008538                disk_read
 .text.disk_write
                0x1000856a       0x32 CMakeFiles/TITOProyect.dir/FatFs_SPI/src/glue.c.obj
                0x1000856a                disk_write
 .text.my_printf
                0x1000859c       0x4c CMakeFiles/TITOProyect.dir/FatFs_SPI/src/my_debug.c.obj
                0x1000859c                my_printf
 .text.my_assert_func
                0x100085e8       0x2c CMakeFiles/TITOProyect.dir/FatFs_SPI/src/my_debug.c.obj
                0x100085e8                my_assert_func
 .text.__sflush_r
                0x10008614      0x140 c:/progra~1/raspbe~1/picosd~1.1/gcc-ar~1/bin/../lib/gcc/arm-none-eabi/10.3.1/../../../../arm-none-eabi/lib/thumb/v6-m/nofp\libg.a(lib_a-fflush.o)
                0x10008614                __sflush_r
 .text._fflush_r
                0x10008754       0x6c c:/progra~1/raspbe~1/picosd~1.1/gcc-ar~1/bin/../lib/gcc/arm-none-eabi/10.3.1/../../../../arm-none-eabi/lib/thumb/v6-m/nofp\libg.a(lib_a-fflush.o)
                0x10008754                _fflush_r
 .text.fflush   0x100087c0       0x78 c:/progra~1/raspbe~1/picosd~1.1/gcc-ar~1/bin/../lib/gcc/arm-none-eabi/10.3.1/../../../../arm-none-eabi/lib/thumb/v6-m/nofp\libg.a(lib_a-fflush.o)
                0x100087c0                fflush
 .text._cleanup_r
                0x10008838       0x10 c:/progra~1/raspbe~1/picosd~1.1/gcc-ar~1/bin/../lib/gcc/arm-none-eabi/10.3.1/../../../../arm-none-eabi/lib/thumb/v6-m/nofp\libg.a(lib_a-findfp.o)
                0x10008838                _cleanup_r
 .text.__sinit  0x10008848      0x120 c:/progra~1/raspbe~1/picosd~1.1/gcc-ar~1/bin/../lib/gcc/arm-none-eabi/10.3.1/../../../../arm-none-eabi/lib/thumb/v6-m/nofp\libg.a(lib_a-findfp.o)
                0x10008848                __sinit
 .text.__sfp_lock_acquire
                0x10008968       0x10 c:/progra~1/raspbe~1/picosd~1.1/gcc-ar~1/bin/../lib/gcc/arm-none-eabi/10.3.1/../../../../arm-none-eabi/lib/thumb/v6-m/nofp\libg.a(lib_a-findfp.o)
                0x10008968                __sfp_lock_acquire
 .text.__sfp_lock_release
                0x10008978       0x10 c:/progra~1/raspbe~1/picosd~1.1/gcc-ar~1/bin/../lib/gcc/arm-none-eabi/10.3.1/../../../../arm-none-eabi/lib/thumb/v6-m/nofp\libg.a(lib_a-findfp.o)
                0x10008978                __sfp_lock_release
 .text._malloc_trim_r
                0x10008988       0x9c c:/progra~1/raspbe~1/picosd~1.1/gcc-ar~1/bin/../lib/gcc/arm-none-eabi/10.3.1/../../../../arm-none-eabi/lib/thumb/v6-m/nofp\libg.a(lib_a-freer.o)
                0x10008988                _malloc_trim_r
 .text._free_r  0x10008a24      0x1c4 c:/progra~1/raspbe~1/picosd~1.1/gcc-ar~1/bin/../lib/gcc/arm-none-eabi/10.3.1/../../../../arm-none-eabi/lib/thumb/v6-m/nofp\libg.a(lib_a-freer.o)
                0x10008a24                _free_r
 .text._fwalk_reent
                0x10008be8       0x48 c:/progra~1/raspbe~1/picosd~1.1/gcc-ar~1/bin/../lib/gcc/arm-none-eabi/10.3.1/../../../../arm-none-eabi/lib/thumb/v6-m/nofp\libg.a(lib_a-fwalk.o)
                0x10008be8                _fwalk_reent
 .text.__retarget_lock_init_recursive
                0x10008c30        0x4 c:/progra~1/raspbe~1/picosd~1.1/gcc-ar~1/bin/../lib/gcc/arm-none-eabi/10.3.1/../../../../arm-none-eabi/lib/thumb/v6-m/nofp\libg.a(lib_a-lock.o)
                0x10008c30                __retarget_lock_init_recursive
 .text.__retarget_lock_close_recursive
                0x10008c34        0x4 c:/progra~1/raspbe~1/picosd~1.1/gcc-ar~1/bin/../lib/gcc/arm-none-eabi/10.3.1/../../../../arm-none-eabi/lib/thumb/v6-m/nofp\libg.a(lib_a-lock.o)
                0x10008c34                __retarget_lock_close_recursive
 .text.__retarget_lock_acquire_recursive
                0x10008c38        0x4 c:/progra~1/raspbe~1/picosd~1.1/gcc-ar~1/bin/../lib/gcc/arm-none-eabi/10.3.1/../../../../arm-none-eabi/lib/thumb/v6-m/nofp\libg.a(lib_a-lock.o)
                0x10008c38                __retarget_lock_acquire_recursive
 .text.__retarget_lock_release_recursive
                0x10008c3c        0x4 c:/progra~1/raspbe~1/picosd~1.1/gcc-ar~1/bin/../lib/gcc/arm-none-eabi/10.3.1/../../../../arm-none-eabi/lib/thumb/v6-m/nofp\libg.a(lib_a-lock.o)
                0x10008c3c                __retarget_lock_release_recursive
 .text.malloc   0x10008c40       0x14 c:/progra~1/raspbe~1/picosd~1.1/gcc-ar~1/bin/../lib/gcc/arm-none-eabi/10.3.1/../../../../arm-none-eabi/lib/thumb/v6-m/nofp\libg.a(lib_a-malloc.o)
                0x10008c40                malloc
 .text.free     0x10008c54       0x14 c:/progra~1/raspbe~1/picosd~1.1/gcc-ar~1/bin/../lib/gcc/arm-none-eabi/10.3.1/../../../../arm-none-eabi/lib/thumb/v6-m/nofp\libg.a(lib_a-malloc.o)
                0x10008c54                free
 .text._malloc_r
                0x10008c68      0x584 c:/progra~1/raspbe~1/picosd~1.1/gcc-ar~1/bin/../lib/gcc/arm-none-eabi/10.3.1/../../../../arm-none-eabi/lib/thumb/v6-m/nofp\libg.a(lib_a-mallocr.o)
                0x10008c68                _malloc_r
 .text.memcmp   0x100091ec       0x48 c:/progra~1/raspbe~1/picosd~1.1/gcc-ar~1/bin/../lib/gcc/arm-none-eabi/10.3.1/../../../../arm-none-eabi/lib/thumb/v6-m/nofp\libg.a(lib_a-memcmp.o)
                0x100091ec                memcmp
 .text.__malloc_lock
                0x10009234       0x10 c:/progra~1/raspbe~1/picosd~1.1/gcc-ar~1/bin/../lib/gcc/arm-none-eabi/10.3.1/../../../../arm-none-eabi/lib/thumb/v6-m/nofp\libg.a(lib_a-mlock.o)
                0x10009234                __malloc_lock
 .text.__malloc_unlock
                0x10009244       0x10 c:/progra~1/raspbe~1/picosd~1.1/gcc-ar~1/bin/../lib/gcc/arm-none-eabi/10.3.1/../../../../arm-none-eabi/lib/thumb/v6-m/nofp\libg.a(lib_a-mlock.o)
                0x10009244                __malloc_unlock
 .text._sbrk_r  0x10009254       0x24 c:/progra~1/raspbe~1/picosd~1.1/gcc-ar~1/bin/../lib/gcc/arm-none-eabi/10.3.1/../../../../arm-none-eabi/lib/thumb/v6-m/nofp\libg.a(lib_a-sbrkr.o)
                0x10009254                _sbrk_r
 .text.__sread  0x10009278       0x28 c:/progra~1/raspbe~1/picosd~1.1/gcc-ar~1/bin/../lib/gcc/arm-none-eabi/10.3.1/../../../../arm-none-eabi/lib/thumb/v6-m/nofp\libg.a(lib_a-stdio.o)
                0x10009278                __sread
 .text.__swrite
                0x100092a0       0x40 c:/progra~1/raspbe~1/picosd~1.1/gcc-ar~1/bin/../lib/gcc/arm-none-eabi/10.3.1/../../../../arm-none-eabi/lib/thumb/v6-m/nofp\libg.a(lib_a-stdio.o)
                0x100092a0                __swrite
 .text.__sseek  0x100092e0       0x2c c:/progra~1/raspbe~1/picosd~1.1/gcc-ar~1/bin/../lib/gcc/arm-none-eabi/10.3.1/../../../../arm-none-eabi/lib/thumb/v6-m/nofp\libg.a(lib_a-stdio.o)
                0x100092e0                __sseek
 .text.__sclose
                0x1000930c        0xc c:/progra~1/raspbe~1/picosd~1.1/gcc-ar~1/bin/../lib/gcc/arm-none-eabi/10.3.1/../../../../arm-none-eabi/lib/thumb/v6-m/nofp\libg.a(lib_a-stdio.o)
                0x1000930c                __sclose
 .text.strchr   0x10009318       0xc0 c:/progra~1/raspbe~1/picosd~1.1/gcc-ar~1/bin/../lib/gcc/arm-none-eabi/10.3.1/../../../../arm-none-eabi/lib/thumb/v6-m/nofp\libg.a(lib_a-strchr.o)
                0x10009318                strchr
 .text          0x100093d8       0x88 c:/progra~1/raspbe~1/picosd~1.1/gcc-ar~1/bin/../lib/gcc/arm-none-eabi/10.3.1/../../../../arm-none-eabi/lib/thumb/v6-m/nofp\libg.a(lib_a-strcmp.o)
                0x100093d8                strcmp
 .text.strlen   0x10009460       0x5c c:/progra~1/raspbe~1/picosd~1.1/gcc-ar~1/bin/../lib/gcc/arm-none-eabi/10.3.1/../../../../arm-none-eabi/lib/thumb/v6-m/nofp\libg.a(lib_a-strlen-stub.o)
                0x10009460                strlen
 .text.strncpy  0x100094bc       0x6c c:/progra~1/raspbe~1/picosd~1.1/gcc-ar~1/bin/../lib/gcc/arm-none-eabi/10.3.1/../../../../arm-none-eabi/lib/thumb/v6-m/nofp\libg.a(lib_a-strncpy.o)
                0x100094bc                strncpy
 .text.strrchr  0x10009528       0x28 c:/progra~1/raspbe~1/picosd~1.1/gcc-ar~1/bin/../lib/gcc/arm-none-eabi/10.3.1/../../../../arm-none-eabi/lib/thumb/v6-m/nofp\libg.a(lib_a-strrchr.o)
                0x10009528                strrchr
 .text._write_r
                0x10009550       0x28 c:/progra~1/raspbe~1/picosd~1.1/gcc-ar~1/bin/../lib/gcc/arm-none-eabi/10.3.1/../../../../arm-none-eabi/lib/thumb/v6-m/nofp\libg.a(lib_a-writer.o)
                0x10009550                _write_r
 .text._close_r
                0x10009578       0x24 c:/progra~1/raspbe~1/picosd~1.1/gcc-ar~1/bin/../lib/gcc/arm-none-eabi/10.3.1/../../../../arm-none-eabi/lib/thumb/v6-m/nofp\libg.a(lib_a-closer.o)
                0x10009578                _close_r
 .text._fclose_r
                0x1000959c       0xdc c:/progra~1/raspbe~1/picosd~1.1/gcc-ar~1/bin/../lib/gcc/arm-none-eabi/10.3.1/../../../../arm-none-eabi/lib/thumb/v6-m/nofp\libg.a(lib_a-fclose.o)
                0x1000959c                _fclose_r
 .text._lseek_r
                0x10009678       0x28 c:/progra~1/raspbe~1/picosd~1.1/gcc-ar~1/bin/../lib/gcc/arm-none-eabi/10.3.1/../../../../arm-none-eabi/lib/thumb/v6-m/nofp\libg.a(lib_a-lseekr.o)
                0x10009678                _lseek_r
 .text._read_r  0x100096a0       0x28 c:/progra~1/raspbe~1/picosd~1.1/gcc-ar~1/bin/../lib/gcc/arm-none-eabi/10.3.1/../../../../arm-none-eabi/lib/thumb/v6-m/nofp\libg.a(lib_a-readr.o)
                0x100096a0                _read_r
 *(.fini)
 .fini          0x100096c8        0x4 c:/progra~1/raspbe~1/picosd~1.1/gcc-ar~1/bin/../lib/gcc/arm-none-eabi/10.3.1/thumb/v6-m/nofp/crti.o
                0x100096c8                _fini
 *fill*         0x100096cc        0x4 
 .fini.__stub   0x100096d0       0x80 linker stubs
 *crtbegin.o(.ctors)
 *crtbegin?.o(.ctors)
 *(EXCLUDE_FILE(*crtend.o *crtend?.o) .ctors)
 *(SORT_BY_NAME(.ctors.*))
 *(.ctors)
 *crtbegin.o(.dtors)
 *crtbegin?.o(.dtors)
 *(EXCLUDE_FILE(*crtend.o *crtend?.o) .dtors)
 *(SORT_BY_NAME(.dtors.*))
 *(.dtors)
 *(.eh_frame*)
 .eh_frame      0x10009750        0x0 c:/progra~1/raspbe~1/picosd~1.1/gcc-ar~1/bin/../lib/gcc/arm-none-eabi/10.3.1/thumb/v6-m/nofp/crtbegin.o
                0x10009750                . = ALIGN (0x4)

.glue_7         0x10009750        0x0
 .glue_7        0x10009750        0x0 linker stubs

.glue_7t        0x10009750        0x0
 .glue_7t       0x10009750        0x0 linker stubs

.vfp11_veneer   0x10009750        0x0
 .vfp11_veneer  0x10009750        0x0 linker stubs

.v4_bx          0x10009750        0x0
 .v4_bx         0x10009750        0x0 linker stubs

.iplt           0x10009750        0x0
 .iplt          0x10009750        0x0 c:/progra~1/raspbe~1/picosd~1.1/gcc-ar~1/bin/../lib/gcc/arm-none-eabi/10.3.1/thumb/v6-m/nofp/crtbegin.o

.rodata         0x10009750     0x2620
 *(EXCLUDE_FILE(*libm.a: *libc.a:*lib_a-mem*.o *libgcc.a:) .rodata*)
 .rodata.main.str1.4
                0x10009750       0x55 CMakeFiles/TITOProyect.dir/main.c.obj
 *fill*         0x100097a5        0x3 
 .rodata.fileNames.str1.4
                0x100097a8       0x1c CMakeFiles/TITOProyect.dir/FileSystem.c.obj
 .rodata.str1.4
                0x100097c4      0x176 CMakeFiles/TITOProyect.dir/C_/Program_Files/Raspberry_Pi/Pico_SDK_v1.5.1/pico-sdk/src/rp2_common/hardware_flash/flash.c.obj
 *fill*         0x1000993a        0x2 
 .rodata.__func__.0
                0x1000993c        0xd CMakeFiles/TITOProyect.dir/C_/Program_Files/Raspberry_Pi/Pico_SDK_v1.5.1/pico-sdk/src/rp2_common/hardware_flash/flash.c.obj
 *fill*         0x10009949        0x3 
 .rodata.clock_configure.str1.4
                0x1000994c       0x73 CMakeFiles/TITOProyect.dir/C_/Program_Files/Raspberry_Pi/Pico_SDK_v1.5.1/pico-sdk/src/rp2_common/hardware_clocks/clocks.c.obj
 *fill*         0x100099bf        0x1 
 .rodata.__func__.1
                0x100099c0       0x10 CMakeFiles/TITOProyect.dir/C_/Program_Files/Raspberry_Pi/Pico_SDK_v1.5.1/pico-sdk/src/rp2_common/hardware_clocks/clocks.c.obj
 .rodata.make_branch.str1.4
                0x100099d0       0x89 CMakeFiles/TITOProyect.dir/C_/Program_Files/Raspberry_Pi/Pico_SDK_v1.5.1/pico-sdk/src/rp2_common/hardware_irq/irq.c.obj
 *fill*         0x10009a59        0x3 
 .rodata.insert_branch_and_link.str1.4
                0x10009a5c       0x10 CMakeFiles/TITOProyect.dir/C_/Program_Files/Raspberry_Pi/Pico_SDK_v1.5.1/pico-sdk/src/rp2_common/hardware_irq/irq.c.obj
 .rodata.irq_set_exclusive_handler.str1.4
                0x10009a6c       0x36 CMakeFiles/TITOProyect.dir/C_/Program_Files/Raspberry_Pi/Pico_SDK_v1.5.1/pico-sdk/src/rp2_common/hardware_irq/irq.c.obj
 *fill*         0x10009aa2        0x2 
 .rodata.irq_add_shared_handler.str1.4
                0x10009aa4       0xd9 CMakeFiles/TITOProyect.dir/C_/Program_Files/Raspberry_Pi/Pico_SDK_v1.5.1/pico-sdk/src/rp2_common/hardware_irq/irq.c.obj
 *fill*         0x10009b7d        0x3 
 .rodata.irq_remove_handler.str1.4
                0x10009b80       0x3a CMakeFiles/TITOProyect.dir/C_/Program_Files/Raspberry_Pi/Pico_SDK_v1.5.1/pico-sdk/src/rp2_common/hardware_irq/irq.c.obj
 *fill*         0x10009bba        0x2 
 .rodata.irq_add_tail_to_free_list.str1.4
                0x10009bbc       0x3a CMakeFiles/TITOProyect.dir/C_/Program_Files/Raspberry_Pi/Pico_SDK_v1.5.1/pico-sdk/src/rp2_common/hardware_irq/irq.c.obj
 *fill*         0x10009bf6        0x2 
 .rodata.__func__.0
                0x10009bf8       0x1a CMakeFiles/TITOProyect.dir/C_/Program_Files/Raspberry_Pi/Pico_SDK_v1.5.1/pico-sdk/src/rp2_common/hardware_irq/irq.c.obj
 *fill*         0x10009c12        0x2 
 .rodata.__func__.1
                0x10009c14       0x17 CMakeFiles/TITOProyect.dir/C_/Program_Files/Raspberry_Pi/Pico_SDK_v1.5.1/pico-sdk/src/rp2_common/hardware_irq/irq.c.obj
 *fill*         0x10009c2b        0x1 
 .rodata.__func__.2
                0x10009c2c       0x13 CMakeFiles/TITOProyect.dir/C_/Program_Files/Raspberry_Pi/Pico_SDK_v1.5.1/pico-sdk/src/rp2_common/hardware_irq/irq.c.obj
 *fill*         0x10009c3f        0x1 
 .rodata.__func__.3
                0x10009c40        0xc CMakeFiles/TITOProyect.dir/C_/Program_Files/Raspberry_Pi/Pico_SDK_v1.5.1/pico-sdk/src/rp2_common/hardware_irq/irq.c.obj
 .rodata.__func__.4
                0x10009c4c        0xf CMakeFiles/TITOProyect.dir/C_/Program_Files/Raspberry_Pi/Pico_SDK_v1.5.1/pico-sdk/src/rp2_common/hardware_irq/irq.c.obj
 *fill*         0x10009c5b        0x1 
 .rodata.__func__.5
                0x10009c5c       0x17 CMakeFiles/TITOProyect.dir/C_/Program_Files/Raspberry_Pi/Pico_SDK_v1.5.1/pico-sdk/src/rp2_common/hardware_irq/irq.c.obj
 *fill*         0x10009c73        0x1 
 .rodata.__func__.6
                0x10009c74       0x1a CMakeFiles/TITOProyect.dir/C_/Program_Files/Raspberry_Pi/Pico_SDK_v1.5.1/pico-sdk/src/rp2_common/hardware_irq/irq.c.obj
 *fill*         0x10009c8e        0x2 
 .rodata.str1.4
                0x10009c90       0xfe CMakeFiles/TITOProyect.dir/C_/Program_Files/Raspberry_Pi/Pico_SDK_v1.5.1/pico-sdk/src/common/pico_sync/sem.c.obj
 *fill*         0x10009d8e        0x2 
 .rodata.__func__.1
                0x10009d90       0x15 CMakeFiles/TITOProyect.dir/C_/Program_Files/Raspberry_Pi/Pico_SDK_v1.5.1/pico-sdk/src/common/pico_sync/sem.c.obj
 *fill*         0x10009da5        0x3 
 .rodata.str1.4
                0x10009da8       0xa5 CMakeFiles/TITOProyect.dir/C_/Program_Files/Raspberry_Pi/Pico_SDK_v1.5.1/pico-sdk/src/common/pico_sync/mutex.c.obj
                                0x125 (size before relaxing)
 *fill*         0x10009e4d        0x3 
 .rodata.__func__.1
                0x10009e50        0xb CMakeFiles/TITOProyect.dir/C_/Program_Files/Raspberry_Pi/Pico_SDK_v1.5.1/pico-sdk/src/common/pico_sync/mutex.c.obj
 *fill*         0x10009e5b        0x1 
 .rodata.__func__.3
                0x10009e5c       0x18 CMakeFiles/TITOProyect.dir/C_/Program_Files/Raspberry_Pi/Pico_SDK_v1.5.1/pico-sdk/src/common/pico_sync/mutex.c.obj
 .rodata.repeating_timer_callback.str1.4
                0x10009e74       0x67 CMakeFiles/TITOProyect.dir/C_/Program_Files/Raspberry_Pi/Pico_SDK_v1.5.1/pico-sdk/src/common/pico_time/time.c.obj
 *fill*         0x10009edb        0x1 
 .rodata.timer_pool_entry_comparator.str1.4
                0x10009edc       0x22 CMakeFiles/TITOProyect.dir/C_/Program_Files/Raspberry_Pi/Pico_SDK_v1.5.1/pico-sdk/src/common/pico_time/time.c.obj
 *fill*         0x10009efe        0x2 
 .rodata.ph_add_child_node.str1.4
                0x10009f00       0xb2 CMakeFiles/TITOProyect.dir/C_/Program_Files/Raspberry_Pi/Pico_SDK_v1.5.1/pico-sdk/src/common/pico_time/time.c.obj
 *fill*         0x10009fb2        0x2 
 .rodata.add_alarm_under_lock.str1.4
                0x10009fb4       0x28 CMakeFiles/TITOProyect.dir/C_/Program_Files/Raspberry_Pi/Pico_SDK_v1.5.1/pico-sdk/src/common/pico_time/time.c.obj
                                 0x2b (size before relaxing)
 .rodata.alarm_pool_alarm_callback.str1.4
                0x10009fdc       0x98 CMakeFiles/TITOProyect.dir/C_/Program_Files/Raspberry_Pi/Pico_SDK_v1.5.1/pico-sdk/src/common/pico_time/time.c.obj
                                0x118 (size before relaxing)
 .rodata.alarm_pool_get_default.str1.4
                0x1000a074       0x21 CMakeFiles/TITOProyect.dir/C_/Program_Files/Raspberry_Pi/Pico_SDK_v1.5.1/pico-sdk/src/common/pico_time/time.c.obj
 *fill*         0x1000a095        0x3 
 .rodata.alarm_pool_cancel_alarm.str1.4
                0x1000a098       0x27 CMakeFiles/TITOProyect.dir/C_/Program_Files/Raspberry_Pi/Pico_SDK_v1.5.1/pico-sdk/src/common/pico_time/time.c.obj
 *fill*         0x1000a0bf        0x1 
 .rodata.__func__.1
                0x1000a0c0       0x18 CMakeFiles/TITOProyect.dir/C_/Program_Files/Raspberry_Pi/Pico_SDK_v1.5.1/pico-sdk/src/common/pico_time/time.c.obj
 .rodata.__func__.10
                0x1000a0d8       0x15 CMakeFiles/TITOProyect.dir/C_/Program_Files/Raspberry_Pi/Pico_SDK_v1.5.1/pico-sdk/src/common/pico_time/time.c.obj
 *fill*         0x1000a0ed        0x3 
 .rodata.__func__.11
                0x1000a0f0       0x1a CMakeFiles/TITOProyect.dir/C_/Program_Files/Raspberry_Pi/Pico_SDK_v1.5.1/pico-sdk/src/common/pico_time/time.c.obj
 *fill*         0x1000a10a        0x2 
 .rodata.__func__.12
                0x1000a10c        0xa CMakeFiles/TITOProyect.dir/C_/Program_Files/Raspberry_Pi/Pico_SDK_v1.5.1/pico-sdk/src/common/pico_time/time.c.obj
 *fill*         0x1000a116        0x2 
 .rodata.__func__.3
                0x1000a118       0x17 CMakeFiles/TITOProyect.dir/C_/Program_Files/Raspberry_Pi/Pico_SDK_v1.5.1/pico-sdk/src/common/pico_time/time.c.obj
 *fill*         0x1000a12f        0x1 
 .rodata.__func__.4
                0x1000a130       0x12 CMakeFiles/TITOProyect.dir/C_/Program_Files/Raspberry_Pi/Pico_SDK_v1.5.1/pico-sdk/src/common/pico_time/time.c.obj
 *fill*         0x1000a142        0x2 
 .rodata.__func__.5
                0x1000a144        0xd CMakeFiles/TITOProyect.dir/C_/Program_Files/Raspberry_Pi/Pico_SDK_v1.5.1/pico-sdk/src/common/pico_time/time.c.obj
 *fill*         0x1000a151        0x3 
 .rodata.__func__.6
                0x1000a154       0x12 CMakeFiles/TITOProyect.dir/C_/Program_Files/Raspberry_Pi/Pico_SDK_v1.5.1/pico-sdk/src/common/pico_time/time.c.obj
 *fill*         0x1000a166        0x2 
 .rodata.__func__.7
                0x1000a168        0xf CMakeFiles/TITOProyect.dir/C_/Program_Files/Raspberry_Pi/Pico_SDK_v1.5.1/pico-sdk/src/common/pico_time/time.c.obj
 *fill*         0x1000a177        0x1 
 .rodata.__func__.8
                0x1000a178        0xc CMakeFiles/TITOProyect.dir/C_/Program_Files/Raspberry_Pi/Pico_SDK_v1.5.1/pico-sdk/src/common/pico_time/time.c.obj
 .rodata.__func__.9
                0x1000a184       0x15 CMakeFiles/TITOProyect.dir/C_/Program_Files/Raspberry_Pi/Pico_SDK_v1.5.1/pico-sdk/src/common/pico_time/time.c.obj
 *fill*         0x1000a199        0x7 
 .rodata.at_the_end_of_time
                0x1000a1a0        0x8 CMakeFiles/TITOProyect.dir/C_/Program_Files/Raspberry_Pi/Pico_SDK_v1.5.1/pico-sdk/src/common/pico_time/time.c.obj
                0x1000a1a0                at_the_end_of_time
 .rodata.hardware_alarm_claim.str1.4
                0x1000a1a8       0x22 CMakeFiles/TITOProyect.dir/C_/Program_Files/Raspberry_Pi/Pico_SDK_v1.5.1/pico-sdk/src/rp2_common/hardware_timer/timer.c.obj
 .rodata.busy_wait_us.str1.4
                0x1000a1ca       0x7d CMakeFiles/TITOProyect.dir/C_/Program_Files/Raspberry_Pi/Pico_SDK_v1.5.1/pico-sdk/src/rp2_common/hardware_timer/timer.c.obj
 *fill*         0x1000a1ca        0x2 
 .rodata.hardware_alarm_set_target.str1.4
                0x1000a1cc       0x81 CMakeFiles/TITOProyect.dir/C_/Program_Files/Raspberry_Pi/Pico_SDK_v1.5.1/pico-sdk/src/rp2_common/hardware_timer/timer.c.obj
 *fill*         0x1000a24d        0x3 
 .rodata.__func__.0
                0x1000a250       0x1a CMakeFiles/TITOProyect.dir/C_/Program_Files/Raspberry_Pi/Pico_SDK_v1.5.1/pico-sdk/src/rp2_common/hardware_timer/timer.c.obj
 *fill*         0x1000a26a        0x2 
 .rodata.__func__.1
                0x1000a26c       0x15 CMakeFiles/TITOProyect.dir/C_/Program_Files/Raspberry_Pi/Pico_SDK_v1.5.1/pico-sdk/src/rp2_common/hardware_timer/timer.c.obj
 .rodata.ph_add_child_node.str1.4
                0x1000a281       0xb2 CMakeFiles/TITOProyect.dir/C_/Program_Files/Raspberry_Pi/Pico_SDK_v1.5.1/pico-sdk/src/common/pico_util/pheap.c.obj
 *fill*         0x1000a281        0x3 
 .rodata.ph_remove_any_head.str1.4
                0x1000a284       0xa8 CMakeFiles/TITOProyect.dir/C_/Program_Files/Raspberry_Pi/Pico_SDK_v1.5.1/pico-sdk/src/common/pico_util/pheap.c.obj
                                 0xbc (size before relaxing)
 .rodata.ph_remove_and_free_node.str1.4
                0x1000a32c       0x1e CMakeFiles/TITOProyect.dir/C_/Program_Files/Raspberry_Pi/Pico_SDK_v1.5.1/pico-sdk/src/common/pico_util/pheap.c.obj
                                 0x26 (size before relaxing)
 *fill*         0x1000a34a        0x2 
 .rodata.__func__.0
                0x1000a34c       0x18 CMakeFiles/TITOProyect.dir/C_/Program_Files/Raspberry_Pi/Pico_SDK_v1.5.1/pico-sdk/src/common/pico_util/pheap.c.obj
 .rodata.__func__.1
                0x1000a364       0x13 CMakeFiles/TITOProyect.dir/C_/Program_Files/Raspberry_Pi/Pico_SDK_v1.5.1/pico-sdk/src/common/pico_util/pheap.c.obj
 *fill*         0x1000a377        0x1 
 .rodata.__func__.2
                0x1000a378       0x12 CMakeFiles/TITOProyect.dir/C_/Program_Files/Raspberry_Pi/Pico_SDK_v1.5.1/pico-sdk/src/common/pico_util/pheap.c.obj
 *fill*         0x1000a38a        0x2 
 .rodata.__func__.3
                0x1000a38c        0xc CMakeFiles/TITOProyect.dir/C_/Program_Files/Raspberry_Pi/Pico_SDK_v1.5.1/pico-sdk/src/common/pico_util/pheap.c.obj
 .rodata.pll_init.str1.4
                0x1000a398      0x140 CMakeFiles/TITOProyect.dir/C_/Program_Files/Raspberry_Pi/Pico_SDK_v1.5.1/pico-sdk/src/rp2_common/hardware_pll/pll.c.obj
 .rodata.__func__.0
                0x1000a4d8        0x9 CMakeFiles/TITOProyect.dir/C_/Program_Files/Raspberry_Pi/Pico_SDK_v1.5.1/pico-sdk/src/rp2_common/hardware_pll/pll.c.obj
 *fill*         0x1000a4e1        0x3 
 .rodata.dma_claim_unused_channel.str1.4
                0x1000a4e4       0x1e CMakeFiles/TITOProyect.dir/C_/Program_Files/Raspberry_Pi/Pico_SDK_v1.5.1/pico-sdk/src/rp2_common/hardware_dma/dma.c.obj
 *fill*         0x1000a502        0x2 
 .rodata.__assert_func.str1.4
                0x1000a504       0x3f CMakeFiles/TITOProyect.dir/C_/Program_Files/Raspberry_Pi/Pico_SDK_v1.5.1/pico-sdk/src/rp2_common/pico_runtime/runtime.c.obj
                                 0x43 (size before relaxing)
 *fill*         0x1000a543        0x1 
 .rodata.runtime_init.str1.4
                0x1000a544       0x7d CMakeFiles/TITOProyect.dir/C_/Program_Files/Raspberry_Pi/Pico_SDK_v1.5.1/pico-sdk/src/rp2_common/pico_runtime/runtime.c.obj
 *fill*         0x1000a5c1        0x3 
 .rodata.panic.str1.4
                0x1000a5c4       0x10 CMakeFiles/TITOProyect.dir/C_/Program_Files/Raspberry_Pi/Pico_SDK_v1.5.1/pico-sdk/src/rp2_common/pico_runtime/runtime.c.obj
                                 0x12 (size before relaxing)
 .rodata.__func__.2
                0x1000a5d4        0xd CMakeFiles/TITOProyect.dir/C_/Program_Files/Raspberry_Pi/Pico_SDK_v1.5.1/pico-sdk/src/rp2_common/pico_runtime/runtime.c.obj
 *fill*         0x1000a5e1        0x3 
 .rodata._ftoa.str1.4
                0x1000a5e4       0x15 CMakeFiles/TITOProyect.dir/C_/Program_Files/Raspberry_Pi/Pico_SDK_v1.5.1/pico-sdk/src/rp2_common/pico_printf/printf.c.obj
 *fill*         0x1000a5f9        0x3 
 .rodata._vsnprintf
                0x1000a5fc      0x1e0 CMakeFiles/TITOProyect.dir/C_/Program_Files/Raspberry_Pi/Pico_SDK_v1.5.1/pico-sdk/src/rp2_common/pico_printf/printf.c.obj
 *fill*         0x1000a7dc        0x4 
 .rodata.pow10.0
                0x1000a7e0       0x50 CMakeFiles/TITOProyect.dir/C_/Program_Files/Raspberry_Pi/Pico_SDK_v1.5.1/pico-sdk/src/rp2_common/pico_printf/printf.c.obj
 .rodata.missing_double_func_shim.str1.4
                0x1000a830       0x18 CMakeFiles/TITOProyect.dir/C_/Program_Files/Raspberry_Pi/Pico_SDK_v1.5.1/pico-sdk/src/rp2_common/pico_double/double_init_rom.c.obj
 .rodata.__aeabi_double_init.str1.4
                0x1000a848       0xb8 CMakeFiles/TITOProyect.dir/C_/Program_Files/Raspberry_Pi/Pico_SDK_v1.5.1/pico-sdk/src/rp2_common/pico_double/double_init_rom.c.obj
 .rodata.__func__.0
                0x1000a900       0x14 CMakeFiles/TITOProyect.dir/C_/Program_Files/Raspberry_Pi/Pico_SDK_v1.5.1/pico-sdk/src/rp2_common/pico_double/double_init_rom.c.obj
 .rodata.missing_float_func_shim.str1.4
                0x1000a914        0x1 CMakeFiles/TITOProyect.dir/C_/Program_Files/Raspberry_Pi/Pico_SDK_v1.5.1/pico-sdk/src/rp2_common/pico_float/float_init_rom.c.obj
 .rodata.__aeabi_float_init.str1.4
                0x1000a914       0x96 CMakeFiles/TITOProyect.dir/C_/Program_Files/Raspberry_Pi/Pico_SDK_v1.5.1/pico-sdk/src/rp2_common/pico_float/float_init_rom.c.obj
 *fill*         0x1000a9aa        0x2 
 .rodata.__func__.0
                0x1000a9ac       0x13 CMakeFiles/TITOProyect.dir/C_/Program_Files/Raspberry_Pi/Pico_SDK_v1.5.1/pico-sdk/src/rp2_common/pico_float/float_init_rom.c.obj
 *fill*         0x1000a9bf        0x1 
 .rodata.__wrap_malloc.str1.4
                0x1000a9c0        0xe CMakeFiles/TITOProyect.dir/C_/Program_Files/Raspberry_Pi/Pico_SDK_v1.5.1/pico-sdk/src/rp2_common/pico_malloc/pico_malloc.c.obj
 *fill*         0x1000a9ce        0x2 
 .rodata.str1.4
                0x1000a9d0       0x40 CMakeFiles/TITOProyect.dir/C_/Program_Files/Raspberry_Pi/Pico_SDK_v1.5.1/pico-sdk/src/rp2_common/pico_standard_link/binary_info.c.obj
 .rodata.__bi_44
                0x1000aa10        0xc CMakeFiles/TITOProyect.dir/C_/Program_Files/Raspberry_Pi/Pico_SDK_v1.5.1/pico-sdk/src/rp2_common/pico_standard_link/binary_info.c.obj
 .rodata.__bi_75
                0x1000aa1c        0xc CMakeFiles/TITOProyect.dir/C_/Program_Files/Raspberry_Pi/Pico_SDK_v1.5.1/pico-sdk/src/rp2_common/pico_standard_link/binary_info.c.obj
 .rodata.__bi_81
                0x1000aa28        0xc CMakeFiles/TITOProyect.dir/C_/Program_Files/Raspberry_Pi/Pico_SDK_v1.5.1/pico-sdk/src/rp2_common/pico_standard_link/binary_info.c.obj
 .rodata.stdout_serialize_begin.str1.4
                0x1000aa34       0x7d CMakeFiles/TITOProyect.dir/C_/Program_Files/Raspberry_Pi/Pico_SDK_v1.5.1/pico-sdk/src/rp2_common/pico_stdio/stdio.c.obj
 .rodata.__func__.3
                0x1000aa34       0x15 CMakeFiles/TITOProyect.dir/C_/Program_Files/Raspberry_Pi/Pico_SDK_v1.5.1/pico-sdk/src/rp2_common/pico_stdio/stdio.c.obj
 *fill*         0x1000aa49        0x3 
 .rodata.crlf_str.2
                0x1000aa4c        0x2 CMakeFiles/TITOProyect.dir/C_/Program_Files/Raspberry_Pi/Pico_SDK_v1.5.1/pico-sdk/src/rp2_common/pico_stdio/stdio.c.obj
 *fill*         0x1000aa4e        0x2 
 .rodata.str1.4
                0x1000aa50       0x2c CMakeFiles/TITOProyect.dir/C_/Program_Files/Raspberry_Pi/Pico_SDK_v1.5.1/pico-sdk/src/rp2_common/pico_stdio_uart/stdio_uart.c.obj
 .rodata.__bi_33.4
                0x1000aa7c        0xc CMakeFiles/TITOProyect.dir/C_/Program_Files/Raspberry_Pi/Pico_SDK_v1.5.1/pico-sdk/src/rp2_common/pico_stdio_uart/stdio_uart.c.obj
 .rodata.__bi_34.5
                0x1000aa88        0x8 CMakeFiles/TITOProyect.dir/C_/Program_Files/Raspberry_Pi/Pico_SDK_v1.5.1/pico-sdk/src/rp2_common/pico_stdio_uart/stdio_uart.c.obj
 .rodata.i2c_set_baudrate.str1.4
                0x1000aa90       0x79 CMakeFiles/TITOProyect.dir/C_/Program_Files/Raspberry_Pi/Pico_SDK_v1.5.1/pico-sdk/src/rp2_common/hardware_i2c/i2c.c.obj
 *fill*         0x1000ab09        0x3 
 .rodata.__func__.0
                0x1000ab0c       0x11 CMakeFiles/TITOProyect.dir/C_/Program_Files/Raspberry_Pi/Pico_SDK_v1.5.1/pico-sdk/src/rp2_common/hardware_i2c/i2c.c.obj
 *fill*         0x1000ab1d        0x3 
 .rodata.ff_wtoupper
                0x1000ab20       0x24 CMakeFiles/TITOProyect.dir/FatFs_SPI/ff15/source/ffunicode.c.obj
 .rodata.cvt1.1
                0x1000ab44      0x1f2 CMakeFiles/TITOProyect.dir/FatFs_SPI/ff15/source/ffunicode.c.obj
 *fill*         0x1000ad36        0x2 
 .rodata.cvt2.0
                0x1000ad38       0xbc CMakeFiles/TITOProyect.dir/FatFs_SPI/ff15/source/ffunicode.c.obj
 .rodata.uc437  0x1000adf4      0x100 CMakeFiles/TITOProyect.dir/FatFs_SPI/ff15/source/ffunicode.c.obj
 .rodata.check_fs.str1.4
                0x1000aef4       0x15 CMakeFiles/TITOProyect.dir/FatFs_SPI/ff15/source/ff.c.obj
 *fill*         0x1000af09        0x3 
 .rodata.create_name.str1.4
                0x1000af0c       0x13 CMakeFiles/TITOProyect.dir/FatFs_SPI/ff15/source/ff.c.obj
 *fill*         0x1000af1f        0x1 
 .rodata        0x1000af20       0x2c CMakeFiles/TITOProyect.dir/FatFs_SPI/ff15/source/ff.c.obj
 .rodata.ExCvt  0x1000af4c       0x80 CMakeFiles/TITOProyect.dir/FatFs_SPI/ff15/source/ff.c.obj
 .rodata.GUID_MS_Basic
                0x1000afcc       0x10 CMakeFiles/TITOProyect.dir/FatFs_SPI/ff15/source/ff.c.obj
 .rodata.LfnOfs
                0x1000afdc        0xd CMakeFiles/TITOProyect.dir/FatFs_SPI/ff15/source/ff.c.obj
 *fill*         0x1000afe9        0x3 
 .rodata.sd_spi_write.str1.4
                0x1000afec       0x34 CMakeFiles/TITOProyect.dir/FatFs_SPI/sd_driver/sd_spi.c.obj
 .rodata.sd_spi_send_initializing_sequence.str1.4
                0x1000b020       0x7d CMakeFiles/TITOProyect.dir/FatFs_SPI/sd_driver/sd_spi.c.obj
 .rodata.__func__.0
                0x1000b020       0x15 CMakeFiles/TITOProyect.dir/FatFs_SPI/sd_driver/sd_spi.c.obj
 *fill*         0x1000b035        0x3 
 .rodata.__func__.1
                0x1000b038        0xd CMakeFiles/TITOProyect.dir/FatFs_SPI/sd_driver/sd_spi.c.obj
 .rodata.str1.4
                0x1000b045        0x3 CMakeFiles/TITOProyect.dir/FatFs_SPI/sd_driver/hw_config.c.obj
 *fill*         0x1000b045        0x3 
 .rodata.str1.4
                0x1000b048       0xc7 CMakeFiles/TITOProyect.dir/FatFs_SPI/sd_driver/spi.c.obj
 *fill*         0x1000b10f        0x1 
 .rodata.spi_lock.str1.4
                0x1000b110       0x23 CMakeFiles/TITOProyect.dir/FatFs_SPI/sd_driver/spi.c.obj
 *fill*         0x1000b133        0x1 
 .rodata.my_spi_init.str1.4
                0x1000b134       0x9f CMakeFiles/TITOProyect.dir/FatFs_SPI/sd_driver/spi.c.obj
 *fill*         0x1000b1d3        0x1 
 .rodata.__FUNCTION__.7
                0x1000b1d4        0xd CMakeFiles/TITOProyect.dir/FatFs_SPI/sd_driver/spi.c.obj
 *fill*         0x1000b1e1        0x3 
 .rodata.__func__.0
                0x1000b1e4       0x18 CMakeFiles/TITOProyect.dir/FatFs_SPI/sd_driver/spi.c.obj
 .rodata.__func__.10
                0x1000b1fc        0xd CMakeFiles/TITOProyect.dir/FatFs_SPI/sd_driver/spi.c.obj
 *fill*         0x1000b209        0x3 
 .rodata.__func__.3
                0x1000b20c       0x1c CMakeFiles/TITOProyect.dir/FatFs_SPI/sd_driver/spi.c.obj
 .rodata.__func__.4
                0x1000b228       0x10 CMakeFiles/TITOProyect.dir/FatFs_SPI/sd_driver/spi.c.obj
 .rodata.__func__.5
                0x1000b238        0xb CMakeFiles/TITOProyect.dir/FatFs_SPI/sd_driver/spi.c.obj
 *fill*         0x1000b243        0x1 
 .rodata.__func__.6
                0x1000b244        0x9 CMakeFiles/TITOProyect.dir/FatFs_SPI/sd_driver/spi.c.obj
 .rodata.dummy.9
                0x1000b24d        0x1 CMakeFiles/TITOProyect.dir/FatFs_SPI/sd_driver/spi.c.obj
 *fill*         0x1000b24e        0x2 
 .rodata.sd_lock.str1.4
                0x1000b250       0x51 CMakeFiles/TITOProyect.dir/FatFs_SPI/sd_driver/sd_card.c.obj
 *fill*         0x1000b2a1        0x3 
 .rodata.sd_wait_token.str1.4
                0x1000b2a4       0x19 CMakeFiles/TITOProyect.dir/FatFs_SPI/sd_driver/sd_card.c.obj
                                 0x99 (size before relaxing)
 *fill*         0x1000b2bd        0x3 
 .rodata.sd_read_bytes.str1.4
                0x1000b2c0       0x5e CMakeFiles/TITOProyect.dir/FatFs_SPI/sd_driver/sd_card.c.obj
 *fill*         0x1000b31e        0x2 
 .rodata.sd_read_block.str1.4
                0x1000b320       0x3d CMakeFiles/TITOProyect.dir/FatFs_SPI/sd_driver/sd_card.c.obj
 *fill*         0x1000b35d        0x3 
 .rodata.sd_wait_ready.str1.4
                0x1000b360        0xc CMakeFiles/TITOProyect.dir/FatFs_SPI/sd_driver/sd_card.c.obj
 .rodata.sd_cmd.str1.4
                0x1000b36c      0x36a CMakeFiles/TITOProyect.dir/FatFs_SPI/sd_driver/sd_card.c.obj
 *fill*         0x1000b6d6        0x2 
 .rodata.sd_cmd8.str1.4
                0x1000b6d8       0x26 CMakeFiles/TITOProyect.dir/FatFs_SPI/sd_driver/sd_card.c.obj
 *fill*         0x1000b6fe        0x2 
 .rodata.sd_sectors_nolock.str1.4
                0x1000b700      0x13a CMakeFiles/TITOProyect.dir/FatFs_SPI/sd_driver/sd_card.c.obj
 *fill*         0x1000b83a        0x2 
 .rodata.sd_init_medium.str1.4
                0x1000b83c       0xdd CMakeFiles/TITOProyect.dir/FatFs_SPI/sd_driver/sd_card.c.obj
 *fill*         0x1000b919        0x3 
 .rodata.sd_init.str1.4
                0x1000b91c       0x53 CMakeFiles/TITOProyect.dir/FatFs_SPI/sd_driver/sd_card.c.obj
 *fill*         0x1000b96f        0x1 
 .rodata.sd_write_block.str1.4
                0x1000b970        0x4 CMakeFiles/TITOProyect.dir/FatFs_SPI/sd_driver/sd_card.c.obj
 .rodata.in_sd_write_blocks.str1.4
                0x1000b974       0x48 CMakeFiles/TITOProyect.dir/FatFs_SPI/sd_driver/sd_card.c.obj
 .rodata.__FUNCTION__.2
                0x1000b9bc        0xe CMakeFiles/TITOProyect.dir/FatFs_SPI/sd_driver/sd_card.c.obj
 *fill*         0x1000b9ca        0x2 
 .rodata.__FUNCTION__.5
                0x1000b9cc        0xe CMakeFiles/TITOProyect.dir/FatFs_SPI/sd_driver/sd_card.c.obj
 *fill*         0x1000b9da        0x2 
 .rodata.__func__.1
                0x1000b9dc        0xf CMakeFiles/TITOProyect.dir/FatFs_SPI/sd_driver/sd_card.c.obj
 *fill*         0x1000b9eb        0x1 
 .rodata.__func__.3
                0x1000b9ec        0xa CMakeFiles/TITOProyect.dir/FatFs_SPI/sd_driver/sd_card.c.obj
 *fill*         0x1000b9f6        0x2 
 .rodata.__func__.4
                0x1000b9f8       0x15 CMakeFiles/TITOProyect.dir/FatFs_SPI/sd_driver/sd_card.c.obj
 *fill*         0x1000ba0d        0x3 
 .rodata.__func__.6
                0x1000ba10       0x12 CMakeFiles/TITOProyect.dir/FatFs_SPI/sd_driver/sd_card.c.obj
 *fill*         0x1000ba22        0x2 
 .rodata.__func__.7
                0x1000ba24        0x8 CMakeFiles/TITOProyect.dir/FatFs_SPI/sd_driver/sd_card.c.obj
 .rodata.m_Crc16Table
                0x1000ba2c      0x200 CMakeFiles/TITOProyect.dir/FatFs_SPI/sd_driver/crc.c.obj
 .rodata.m_Crc7Table
                0x1000bc2c      0x100 CMakeFiles/TITOProyect.dir/FatFs_SPI/sd_driver/crc.c.obj
 .rodata.my_printf.str1.4
                0x1000bd2c        0x3 CMakeFiles/TITOProyect.dir/FatFs_SPI/src/my_debug.c.obj
 *fill*         0x1000bd2f        0x1 
 .rodata.my_assert_func.str1.4
                0x1000bd30       0x39 CMakeFiles/TITOProyect.dir/FatFs_SPI/src/my_debug.c.obj
 *fill*         0x1000bd69        0x3 
 .rodata._global_impure_ptr
                0x1000bd6c        0x4 c:/progra~1/raspbe~1/picosd~1.1/gcc-ar~1/bin/../lib/gcc/arm-none-eabi/10.3.1/../../../../arm-none-eabi/lib/thumb/v6-m/nofp\libg.a(lib_a-impure.o)
                0x1000bd6c                _global_impure_ptr
                0x1000bd70                . = ALIGN (0x4)
 *(SORT_BY_ALIGNMENT(SORT_BY_NAME(.flashdata*)))
                0x1000bd70                . = ALIGN (0x4)

.ARM.extab
 *(.ARM.extab* .gnu.linkonce.armextab.*)
                0x1000bd70                __exidx_start = .

.ARM.exidx
 *(.ARM.exidx* .gnu.linkonce.armexidx.*)
                0x1000bd70                __exidx_end = .
                0x1000bd70                . = ALIGN (0x4)
                0x1000bd70                __binary_info_start = .

.binary_info    0x1000bd70       0x24
 *(.binary_info.keep.*)
 .binary_info.keep.__bi_ptr22
                0x1000bd70        0x4 CMakeFiles/TITOProyect.dir/C_/Program_Files/Raspberry_Pi/Pico_SDK_v1.5.1/pico-sdk/src/rp2_common/pico_standard_link/binary_info.c.obj
 .binary_info.keep.__bi_ptr30
                0x1000bd74        0x4 CMakeFiles/TITOProyect.dir/C_/Program_Files/Raspberry_Pi/Pico_SDK_v1.5.1/pico-sdk/src/rp2_common/pico_standard_link/binary_info.c.obj
 .binary_info.keep.__bi_ptr38
                0x1000bd78        0x4 CMakeFiles/TITOProyect.dir/C_/Program_Files/Raspberry_Pi/Pico_SDK_v1.5.1/pico-sdk/src/rp2_common/pico_standard_link/binary_info.c.obj
 .binary_info.keep.__bi_ptr44
                0x1000bd7c        0x4 CMakeFiles/TITOProyect.dir/C_/Program_Files/Raspberry_Pi/Pico_SDK_v1.5.1/pico-sdk/src/rp2_common/pico_standard_link/binary_info.c.obj
 .binary_info.keep.__bi_ptr50
                0x1000bd80        0x4 CMakeFiles/TITOProyect.dir/C_/Program_Files/Raspberry_Pi/Pico_SDK_v1.5.1/pico-sdk/src/rp2_common/pico_standard_link/binary_info.c.obj
 .binary_info.keep.__bi_ptr75
                0x1000bd84        0x4 CMakeFiles/TITOProyect.dir/C_/Program_Files/Raspberry_Pi/Pico_SDK_v1.5.1/pico-sdk/src/rp2_common/pico_standard_link/binary_info.c.obj
 .binary_info.keep.__bi_ptr81
                0x1000bd88        0x4 CMakeFiles/TITOProyect.dir/C_/Program_Files/Raspberry_Pi/Pico_SDK_v1.5.1/pico-sdk/src/rp2_common/pico_standard_link/binary_info.c.obj
 *(.binary_info.*)
 .binary_info.__bi_ptr33